 kapricornmedia_win32

 Timestamp is 5e3766ca (Sun Feb  2 19:18:18 2020)

 Preferred load address is 0000000140000000

 Start         Length     Name                   Class
 0001:00000000 00038280H .text$mn                CODE
 0001:00038280 00000020H .text$mn$00             CODE
 0001:000382a0 0000061dH .text$x                 CODE
 0002:00000000 00000250H .idata$5                DATA
 0002:00000250 00000010H .00cfg                  DATA
 0002:00000260 00000008H .CRT$XCA                DATA
 0002:00000268 00000008H .CRT$XCAA               DATA
 0002:00000270 00000008H .CRT$XCZ                DATA
 0002:00000278 00000008H .CRT$XIA                DATA
 0002:00000280 00000008H .CRT$XIAA               DATA
 0002:00000288 00000008H .CRT$XIAC               DATA
 0002:00000290 00000018H .CRT$XIC                DATA
 0002:000002a8 00000008H .CRT$XIZ                DATA
 0002:000002b0 00000008H .CRT$XPA                DATA
 0002:000002b8 00000010H .CRT$XPX                DATA
 0002:000002c8 00000008H .CRT$XPXA               DATA
 0002:000002d0 00000008H .CRT$XPZ                DATA
 0002:000002d8 00000008H .CRT$XTA                DATA
 0002:000002e0 00000010H .CRT$XTZ                DATA
 0002:000002e8 00000000H .gfids$y                DATA
 0002:000002f0 00010b78H .rdata                  DATA
 0002:00010e68 0000016cH .rdata$r                DATA
 0002:00010fd4 0000034cH .rdata$zzzdbg           DATA
 0002:00011320 00000008H .rtc$IAA                DATA
 0002:00011328 00000008H .rtc$IZZ                DATA
 0002:00011330 00000008H .rtc$TAA                DATA
 0002:00011338 00000008H .rtc$TZZ                DATA
 0002:00011340 00001070H .xdata                  DATA
 0002:000123b0 00000084H .xdata$x                DATA
 0002:00012434 00000000H .edata                  DATA
 0002:00012434 00000014H .idata$2                DATA
 0002:00012448 00000018H .idata$3                DATA
 0002:00012460 00000250H .idata$4                DATA
 0002:000126b0 00000568H .idata$6                DATA
 0003:00000000 00000a50H .data                   DATA
 0003:00000a50 00000070H .data$r                 DATA
 0003:00000ac0 00001870H .bss                    DATA
 0004:00000000 00002db4H .pdata                  DATA
 0005:00000000 00000094H _RDATA                  DATA

  Address         Publics by Value              Rva+Base               Lib:Object

 0000:00000000       __guard_longjmp_count      0000000000000000     <absolute>
 0000:00000000       __guard_fids_count         0000000000000000     <absolute>
 0000:00000000       __hybrid_code_map_count    0000000000000000     <absolute>
 0000:00000000       __guard_iat_table          0000000000000000     <absolute>
 0000:00000000       __hybrid_code_map          0000000000000000     <absolute>
 0000:00000000       __guard_iat_count          0000000000000000     <absolute>
 0000:00000000       __guard_longjmp_table      0000000000000000     <absolute>
 0000:00000000       __volatile_metadata        0000000000000000     <absolute>
 0000:00000000       __enclave_config           0000000000000000     <absolute>
 0000:00000000       __AbsoluteZero             0000000000000000     <absolute>
 0000:00000000       ___safe_se_handler_count   0000000000000000     <absolute>
 0000:00000000       ___safe_se_handler_table   0000000000000000     <absolute>
 0000:00000000       __guard_fids_table         0000000000000000     <absolute>
 0000:00000000       __hybrid_auxiliary_iat     0000000000000000     <absolute>
 0000:00000000       __dynamic_value_reloc_table 0000000000000000     <absolute>
 0000:00000100       __guard_flags              0000000000000100     <absolute>
 0000:00000000       __ImageBase                0000000140000000     <linker-defined>
 0001:00000000       main                       0000000140001000 f   main.obj
 0001:000002c0       ?configure_argv@__scrt_narrow_argv_policy@@SAHXZ 00000001400012c0 f i LIBCMTD:exe_main.obj
 0001:000002e0       ?initialize_environment@__scrt_narrow_environment_policy@@SAHXZ 00000001400012e0 f i LIBCMTD:exe_main.obj
 0001:00000330       ?set_app_type@__scrt_main_policy@@SAXXZ 0000000140001330 f i LIBCMTD:exe_main.obj
 0001:00000350       ?set_commode@__scrt_file_policy@@SAXXZ 0000000140001350 f i LIBCMTD:exe_main.obj
 0001:00000370       ?set_fmode@__scrt_file_policy@@SAXXZ 0000000140001370 f i LIBCMTD:exe_main.obj
 0001:00000390       mainCRTStartup             0000000140001390 f   LIBCMTD:exe_main.obj
 0001:00000500       NtCurrentTeb               0000000140001500 f i LIBCMTD:utility.obj
 0001:00000510       __scrt_acquire_startup_lock 0000000140001510 f   LIBCMTD:utility.obj
 0001:00000580       __scrt_initialize_crt      0000000140001580 f   LIBCMTD:utility.obj
 0001:000005d0       __scrt_initialize_onexit_tables 00000001400015d0 f   LIBCMTD:utility.obj
 0001:000006e0       __scrt_is_nonwritable_in_current_image 00000001400016e0 f   LIBCMTD:utility.obj
 0001:00000770       __scrt_release_startup_lock 0000000140001770 f   LIBCMTD:utility.obj
 0001:000007a0       __scrt_uninitialize_crt    00000001400017a0 f   LIBCMTD:utility.obj
 0001:000007e0       _onexit                    00000001400017e0 f   LIBCMTD:utility.obj
 0001:00000860       atexit                     0000000140001860 f   LIBCMTD:utility.obj
 0001:00000960       __security_init_cookie     0000000140001960 f   LIBCMTD:gs_support.obj
 0001:000009e0       _matherr                   00000001400019e0 f   LIBCMTD:matherr.obj
 0001:000009e0       ?get_current_state_index@__crt_state_management@@YA_KAEBV__crt_scoped_get_last_error_reset@@@Z 00000001400019e0 f   libucrtd:per_thread_data.obj
 0001:000009f0       _get_startup_argv_mode     00000001400019f0 f   LIBCMTD:argv_mode.obj
 0001:00000a00       __scrt_initialize_winrt    0000000140001a00 f   LIBCMTD:utility_desktop.obj
 0001:00000a00       _get_startup_commit_mode   0000000140001a00 f   LIBCMTD:commit_mode.obj
 0001:00000a00       _get_startup_new_mode      0000000140001a00 f   LIBCMTD:new_mode.obj
 0001:00000a00       __scrt_exe_initialize_mta  0000000140001a00 f   LIBCMTD:utility_desktop.obj
 0001:00000a00       _get_startup_thread_locale_mode 0000000140001a00 f   LIBCMTD:thread_locale.obj
 0001:00000a00       ?get_current_state_index@__crt_state_management@@YA_KXZ 0000000140001a00 f   libucrtd:matherr.obj
 0001:00000a00       ?get_invalid_value@__crt_hmodule_traits@@SAPEAUHINSTANCE__@@XZ 0000000140001a00 f   libucrtd:exit.obj
 0001:00000a00       __scrt_stub_for_initialize_mta 0000000140001a00 f   LIBCMTD:utility_desktop.obj
 0001:00000a10       _get_startup_file_mode     0000000140001a10 f   LIBCMTD:file_mode.obj
 0001:00000a20       ?__scrt_initialize_type_info@@YAXXZ 0000000140001a20 f   LIBCMTD:tncleanup.obj
 0001:00000a40       _should_initialize_environment 0000000140001a40 f   LIBCMTD:env_mode.obj
 0001:00000a50       _initialize_invalid_parameter_handler 0000000140001a50 f   LIBCMTD:invalid_parameter_handler.obj
 0001:00000a50       _initialize_denormal_control 0000000140001a50 f   LIBCMTD:denormal_control.obj
 0001:00000a60       __local_stdio_printf_options 0000000140001a60 f i LIBCMTD:default_local_stdio_options.obj
 0001:00000a70       __local_stdio_scanf_options 0000000140001a70 f i LIBCMTD:default_local_stdio_options.obj
 0001:00000a80       __scrt_initialize_default_local_stdio_options 0000000140001a80 f   LIBCMTD:default_local_stdio_options.obj
 0001:00000ad0       __scrt_is_user_matherr_present 0000000140001ad0 f   LIBCMTD:matherr_detection.obj
 0001:00000b00       __scrt_get_dyn_tls_init_callback 0000000140001b00 f   LIBCMTD:dyn_tls_init.obj
 0001:00000b10       __scrt_get_dyn_tls_dtor_callback 0000000140001b10 f   LIBCMTD:dyn_tls_dtor.obj
 0001:00000b20       __crt_debugger_hook        0000000140001b20 f   LIBCMTD:utility_desktop.obj
 0001:00000b30       __scrt_fastfail            0000000140001b30 f   LIBCMTD:utility_desktop.obj
 0001:00000cd0       __scrt_initialize_mta      0000000140001cd0 f   LIBCMTD:utility_desktop.obj
 0001:00000ce0       __scrt_is_managed_app      0000000140001ce0 f   LIBCMTD:utility_desktop.obj
 0001:00000d90       __scrt_set_unhandled_exception_filter 0000000140001d90 f   LIBCMTD:utility_desktop.obj
 0001:00000db0       __scrt_unhandled_exception_filter 0000000140001db0 f   LIBCMTD:utility_desktop.obj
 0001:00000e50       _RTC_Initialize            0000000140001e50 f   LIBCMTD:initsect.obj
 0001:00000ea0       _RTC_Terminate             0000000140001ea0 f   LIBCMTD:initsect.obj
 0001:00000ef0       ??1?$__crt_simd_cleanup_guard@$0A@@@QEAA@XZ 0000000140001ef0 f i libucrtd:strnlen.obj
 0001:00000ef0       _guard_check_icall_nop     0000000140001ef0 f i LIBCMTD:guard_support.obj
 0001:00000ef0       ??1scoped_global_state_reset@__crt_state_management@@QEAA@XZ 0000000140001ef0 f i libucrtd:onexit.obj
 0001:00000f00       ReadNoFence64              0000000140001f00 f i LIBCMTD:guard_support.obj
 0001:00000f00       ?__crt_interlocked_read_64@@YA_JPED_J@Z 0000000140001f00 f i libvcruntimed:std_type_info.obj
 0001:00000f20       ??$__crt_interlocked_read_pointer@UHINSTANCE__@@@@YAPEAUHINSTANCE__@@PEDSEAU0@@Z 0000000140001f20 f i libvcruntimed:winapi_downlevel.obj
 0001:00000f20       ??$__crt_interlocked_read_pointer@X@@YAPEAXPEDSEAX@Z 0000000140001f20 f i libvcruntimed:winapi_downlevel.obj
 0001:00000f20       ReadPointerNoFence         0000000140001f20 f i LIBCMTD:guard_support.obj
 0001:00000f40       _guard_icall_checks_enforced 0000000140001f40 f i LIBCMTD:guard_support.obj
 0001:00000f80       __isa_available_init       0000000140001f80 f   LIBCMTD:cpu_disp.obj
 0001:00001300       __scrt_is_ucrt_dll_in_use  0000000140002300 f   LIBCMTD:ucrt_detection.obj
 0001:00001330       __GSHandlerCheck           0000000140002330 f   LIBCMTD:gshandler.obj
 0001:00001370       __GSHandlerCheckCommon     0000000140002370 f   LIBCMTD:gshandler.obj
 0001:00001480       __security_check_cookie    0000000140002480 f   LIBCMTD:amdsecgs.obj
 0001:000014b0       __raise_securityfailure    00000001400024b0 f   LIBCMTD:gs_report.obj
 0001:000014f0       __report_gsfailure         00000001400024f0 f   LIBCMTD:gs_report.obj
 0001:000015d0       __report_rangecheckfailure 00000001400025d0 f   LIBCMTD:gs_report.obj
 0001:000015f0       __report_securityfailure   00000001400025f0 f   LIBCMTD:gs_report.obj
 0001:000017e2       IsProcessorFeaturePresent  00000001400027e2 f   kernel32:KERNEL32.dll
 0001:000017f0       __C_specific_handler       00000001400027f0 f   libvcruntimed:riscchandler.obj
 0001:00001c60       __vcrt_initialize          0000000140002c60 f   libvcruntimed:initialization.obj
 0001:00001ca0       __vcrt_uninitialize        0000000140002ca0 f   libvcruntimed:initialization.obj
 0001:00001cc0       ??$?RU__crt_lowio_handle_data@@@__crt_internal_free_policy@@QEBAXQEBU__crt_lowio_handle_data@@@Z 0000000140002cc0 f i libucrtd:osfinfo.obj
 0001:00001cc0       ??$?RP6AXXZ@__crt_internal_free_policy@@QEBAXQEBQ6AXXZ@Z 0000000140002cc0 f i libucrtd:onexit.obj
 0001:00001cc0       ??$?RU__acrt_ptd@@@__crt_internal_free_policy@@QEBAXQEBU__acrt_ptd@@@Z 0000000140002cc0 f i libucrtd:per_thread_data.obj
 0001:00001cc0       ??$?RE@__crt_internal_free_policy@@QEBAXQEBE@Z 0000000140002cc0 f i libucrtd:argv_parsing.obj
 0001:00001cc0       ??$?RPEAU__crt_stdio_stream_data@@@__crt_internal_free_policy@@QEBAXQEBQEAU__crt_stdio_stream_data@@@Z 0000000140002cc0 f i libucrtd:_file.obj
 0001:00001cc0       ??$?RU__crt_multibyte_data@@@__crt_internal_free_policy@@QEBAXQEBU__crt_multibyte_data@@@Z 0000000140002cc0 f i libucrtd:wsetlocale.obj
 0001:00001cc0       ??$?RPEAD@__crt_internal_free_policy@@QEBAXQEBQEAD@Z 0000000140002cc0 f i libucrtd:argv_parsing.obj
 0001:00001cc0       ??$?RD@__crt_internal_free_policy@@QEBAXQEBD@Z 0000000140002cc0 f i libvcruntimed:std_type_info.obj
 0001:00001cc0       ??$?RU__vcrt_ptd@@@__crt_internal_free_policy@@QEBAXQEBU__vcrt_ptd@@@Z 0000000140002cc0 f i libvcruntimed:per_thread_data.obj
 0001:00001cf0       ??0__crt_stdio_stream@@QEAA@QEAU_iobuf@@@Z 0000000140002cf0 f i libucrtd:output.obj
 0001:00001cf0       ??0?$__crt_unique_heap_ptr@U__vcrt_ptd@@U__crt_internal_free_policy@@@@QEAA@QEAU__vcrt_ptd@@@Z 0000000140002cf0 f i libvcruntimed:per_thread_data.obj
 0001:00001cf0       ??0?$string_output_adapter@D@__crt_stdio_output@@QEAA@QEAU?$string_output_adapter_context@D@1@@Z 0000000140002cf0 f i libucrtd:output.obj
 0001:00001cf0       ??0?$__crt_unique_heap_ptr@PEADU__crt_internal_free_policy@@@@QEAA@QEAPEAD@Z 0000000140002cf0 f i libucrtd:argv_parsing.obj
 0001:00001cf0       ??0?$__crt_unique_heap_ptr@EU__crt_internal_free_policy@@@@QEAA@QEAE@Z 0000000140002cf0 f i libucrtd:argv_parsing.obj
 0001:00001cf0       ??0?$__crt_unique_heap_ptr@DU__crt_public_free_policy@@@@QEAA@QEAD@Z 0000000140002cf0 f i libvcruntimed:std_exception.obj
 0001:00001cf0       ??0?$__crt_unique_heap_ptr@DU__crt_internal_free_policy@@@@QEAA@QEAD@Z 0000000140002cf0 f i libvcruntimed:std_type_info.obj
 0001:00001cf0       ??0?$__crt_unique_handle_t@U__crt_findfile_traits@@@@QEAA@QEAX@Z 0000000140002cf0 f i libucrtd:argv_wildcards.obj
 0001:00001cf0       ??0?$__crt_unique_handle_t@U__crt_hmodule_traits@@@@QEAA@QEAUHINSTANCE__@@@Z 0000000140002cf0 f i libucrtd:exit.obj
 0001:00001cf0       ??0?$string_output_adapter@_W@__crt_stdio_output@@QEAA@QEAU?$string_output_adapter_context@_W@1@@Z 0000000140002cf0 f i libucrtd:output.obj
 0001:00001cf0       ??0?$__crt_scoped_stack_ptr@_W@@QEAA@U?$__crt_scoped_stack_ptr_tag@_W@@@Z 0000000140002cf0 f i libucrtd:getstringtypea.obj
 0001:00001cf0       ??0?$__crt_unique_heap_ptr@U__crt_multibyte_data@@U__crt_internal_free_policy@@@@QEAA@QEAU__crt_multibyte_data@@@Z 0000000140002cf0 f i libucrtd:wsetlocale.obj
 0001:00001cf0       ??0?$__crt_unique_heap_ptr@PEAU__crt_stdio_stream_data@@U__crt_internal_free_policy@@@@QEAA@QEAPEAU__crt_stdio_stream_data@@@Z 0000000140002cf0 f i libucrtd:_file.obj
 0001:00001cf0       ??0?$__crt_unique_heap_ptr@P6AXXZU__crt_internal_free_policy@@@@QEAA@QEAP6AXXZ@Z 0000000140002cf0 f i libucrtd:onexit.obj
 0001:00001cf0       ??0?$__crt_scoped_stack_ptr_tag@_W@@QEAA@QEA_W@Z 0000000140002cf0 f i libucrtd:getstringtypea.obj
 0001:00001cf0       ??0?$__crt_unique_heap_ptr@U__crt_lowio_handle_data@@U__crt_internal_free_policy@@@@QEAA@QEAU__crt_lowio_handle_data@@@Z 0000000140002cf0 f i libucrtd:osfinfo.obj
 0001:00001cf0       ??0?$__crt_unique_heap_ptr@U__acrt_ptd@@U__crt_internal_free_policy@@@@QEAA@QEAU__acrt_ptd@@@Z 0000000140002cf0 f i libucrtd:per_thread_data.obj
 0001:00001cf0       ??0__crt_stdio_stream@@QEAA@QEAU__crt_stdio_stream_data@@@Z 0000000140002cf0 f i libucrtd:fflush.obj
 0001:00001d10       ??1?$__crt_unique_heap_ptr@U__acrt_ptd@@U__crt_internal_free_policy@@@@QEAA@XZ 0000000140002d10 f i libucrtd:per_thread_data.obj
 0001:00001d10       ??1?$__crt_unique_heap_ptr@U__vcrt_ptd@@U__crt_internal_free_policy@@@@QEAA@XZ 0000000140002d10 f i libvcruntimed:per_thread_data.obj
 0001:00001d10       ??1?$__crt_unique_heap_ptr@U__crt_lowio_handle_data@@U__crt_internal_free_policy@@@@QEAA@XZ 0000000140002d10 f i libucrtd:osfinfo.obj
 0001:00001d10       ??1?$__crt_unique_heap_ptr@U__crt_multibyte_data@@U__crt_internal_free_policy@@@@QEAA@XZ 0000000140002d10 f i libucrtd:wsetlocale.obj
 0001:00001d10       ??1?$__crt_unique_heap_ptr@PEAU__crt_stdio_stream_data@@U__crt_internal_free_policy@@@@QEAA@XZ 0000000140002d10 f i libucrtd:_file.obj
 0001:00001d10       ??1?$__crt_unique_heap_ptr@PEADU__crt_internal_free_policy@@@@QEAA@XZ 0000000140002d10 f i libucrtd:argv_parsing.obj
 0001:00001d10       ??1?$__crt_unique_heap_ptr@P6AXXZU__crt_internal_free_policy@@@@QEAA@XZ 0000000140002d10 f i libucrtd:onexit.obj
 0001:00001d10       ??1?$__crt_unique_heap_ptr@EU__crt_internal_free_policy@@@@QEAA@XZ 0000000140002d10 f i libucrtd:argv_parsing.obj
 0001:00001d10       ??1?$__crt_unique_heap_ptr@DU__crt_internal_free_policy@@@@QEAA@XZ 0000000140002d10 f i libvcruntimed:std_type_info.obj
 0001:00001d30       ??B?$__crt_unique_heap_ptr@U__crt_lowio_handle_data@@U__crt_internal_free_policy@@@@QEBA_NXZ 0000000140002d30 f i libucrtd:osfinfo.obj
 0001:00001d30       ??B?$__crt_unique_heap_ptr@U__vcrt_ptd@@U__crt_internal_free_policy@@@@QEBA_NXZ 0000000140002d30 f i libvcruntimed:per_thread_data.obj
 0001:00001d30       ??B?$__crt_unique_heap_ptr@U__crt_multibyte_data@@U__crt_internal_free_policy@@@@QEBA_NXZ 0000000140002d30 f i libucrtd:wsetlocale.obj
 0001:00001d30       ??B?$__crt_unique_heap_ptr@EU__crt_internal_free_policy@@@@QEBA_NXZ 0000000140002d30 f i libucrtd:argv_parsing.obj
 0001:00001d30       ??B?$__crt_unique_heap_ptr@DU__crt_public_free_policy@@@@QEBA_NXZ 0000000140002d30 f i libvcruntimed:std_exception.obj
 0001:00001d30       ??B?$__crt_unique_heap_ptr@DU__crt_internal_free_policy@@@@QEBA_NXZ 0000000140002d30 f i libvcruntimed:std_type_info.obj
 0001:00001d30       ??B?$__crt_unique_heap_ptr@U__acrt_ptd@@U__crt_internal_free_policy@@@@QEBA_NXZ 0000000140002d30 f i libucrtd:per_thread_data.obj
 0001:00001d50       ?get@?$__crt_unique_heap_ptr@PEADU__crt_internal_free_policy@@@@QEBAPEAPEADXZ 0000000140002d50 f i libucrtd:argv_parsing.obj
 0001:00001d50       ?save_state@?$c_string_character_source@_W@__crt_strtox@@QEBAPEB_WXZ 0000000140002d50 f i libucrtd:atox.obj
 0001:00001d50       ?get@?$__crt_unique_handle_t@U__crt_hmodule_traits@@@@QEBAPEAUHINSTANCE__@@XZ 0000000140002d50 f i libucrtd:exit.obj
 0001:00001d50       ?get@?$__crt_unique_heap_ptr@U__acrt_ptd@@U__crt_internal_free_policy@@@@QEBAPEAU__acrt_ptd@@XZ 0000000140002d50 f i libucrtd:per_thread_data.obj
 0001:00001d50       ?public_stream@__crt_stdio_stream@@QEBAPEAU_iobuf@@XZ 0000000140002d50 f i libucrtd:output.obj
 0001:00001d50       ?get@?$__crt_unique_heap_ptr@U__crt_lowio_handle_data@@U__crt_internal_free_policy@@@@QEBAPEAU__crt_lowio_handle_data@@XZ 0000000140002d50 f i libucrtd:osfinfo.obj
 0001:00001d50       ?get@?$__crt_unique_heap_ptr@U__crt_multibyte_data@@U__crt_internal_free_policy@@@@QEBAPEAU__crt_multibyte_data@@XZ 0000000140002d50 f i libucrtd:wsetlocale.obj
 0001:00001d50       ??C__crt_stdio_stream@@QEBAPEAU__crt_stdio_stream_data@@XZ 0000000140002d50 f i libucrtd:output.obj
 0001:00001d50       ?get@?$__crt_unique_heap_ptr@DU__crt_internal_free_policy@@@@QEBAPEADXZ 0000000140002d50 f i libvcruntimed:std_type_info.obj
 0001:00001d50       ?get@?$__crt_unique_heap_ptr@DU__crt_public_free_policy@@@@QEBAPEADXZ 0000000140002d50 f i libvcruntimed:std_exception.obj
 0001:00001d50       ?get@?$__crt_unique_heap_ptr@EU__crt_internal_free_policy@@@@QEBAPEAEXZ 0000000140002d50 f i libucrtd:argv_parsing.obj
 0001:00001d50       ?get@?$__crt_scoped_stack_ptr@_W@@QEBAPEA_WXZ 0000000140002d50 f i libucrtd:getstringtypea.obj
 0001:00001d50       ?save_state@?$c_string_character_source@D@__crt_strtox@@QEBAPEBDXZ 0000000140002d50 f i libucrtd:atox.obj
 0001:00001d50       ?get@?$__crt_unique_handle_t@U__crt_findfile_traits@@@@QEBAPEAXXZ 0000000140002d50 f i libucrtd:argv_wildcards.obj
 0001:00001d50       ?get@?$__crt_unique_heap_ptr@U__vcrt_ptd@@U__crt_internal_free_policy@@@@QEBAPEAU__vcrt_ptd@@XZ 0000000140002d50 f i libvcruntimed:per_thread_data.obj
 0001:00001d60       ?valid@__crt_stdio_stream@@QEBA_NXZ 0000000140002d60 f i libucrtd:output.obj
 0001:00001d60       ?is_valid@?$__crt_unique_heap_ptr@EU__crt_internal_free_policy@@@@QEBA_NXZ 0000000140002d60 f i libucrtd:argv_parsing.obj
 0001:00001d60       ?is_valid@?$__crt_unique_heap_ptr@DU__crt_internal_free_policy@@@@QEBA_NXZ 0000000140002d60 f i libvcruntimed:std_type_info.obj
 0001:00001d60       ??B?$__crt_scoped_stack_ptr@_W@@QEBA_NXZ 0000000140002d60 f i libucrtd:lcmapstringa.obj
 0001:00001d60       ?is_valid@?$__crt_unique_heap_ptr@U__crt_lowio_handle_data@@U__crt_internal_free_policy@@@@QEBA_NXZ 0000000140002d60 f i libucrtd:osfinfo.obj
 0001:00001d60       ?is_valid@?$__crt_unique_heap_ptr@U__crt_multibyte_data@@U__crt_internal_free_policy@@@@QEBA_NXZ 0000000140002d60 f i libucrtd:wsetlocale.obj
 0001:00001d60       ?is_valid@?$__crt_unique_heap_ptr@DU__crt_public_free_policy@@@@QEBA_NXZ 0000000140002d60 f i libvcruntimed:std_exception.obj
 0001:00001d60       ?is_valid@?$__crt_unique_heap_ptr@U__acrt_ptd@@U__crt_internal_free_policy@@@@QEBA_NXZ 0000000140002d60 f i libucrtd:per_thread_data.obj
 0001:00001d60       ?is_valid@?$__crt_unique_heap_ptr@U__vcrt_ptd@@U__crt_internal_free_policy@@@@QEBA_NXZ 0000000140002d60 f i libvcruntimed:per_thread_data.obj
 0001:00001d90       ?release@?$__crt_unique_heap_ptr@EU__crt_internal_free_policy@@@@QEAAXXZ 0000000140002d90 f i libucrtd:argv_parsing.obj
 0001:00001d90       ?release@?$__crt_unique_heap_ptr@U__crt_lowio_handle_data@@U__crt_internal_free_policy@@@@QEAAXXZ 0000000140002d90 f i libucrtd:osfinfo.obj
 0001:00001d90       ?release@?$__crt_unique_heap_ptr@U__acrt_ptd@@U__crt_internal_free_policy@@@@QEAAXXZ 0000000140002d90 f i libucrtd:per_thread_data.obj
 0001:00001d90       ?release@?$__crt_unique_heap_ptr@P6AXXZU__crt_internal_free_policy@@@@QEAAXXZ 0000000140002d90 f i libucrtd:onexit.obj
 0001:00001d90       ?release@?$__crt_unique_heap_ptr@U__crt_multibyte_data@@U__crt_internal_free_policy@@@@QEAAXXZ 0000000140002d90 f i libucrtd:wsetlocale.obj
 0001:00001d90       ?release@?$__crt_unique_heap_ptr@PEADU__crt_internal_free_policy@@@@QEAAXXZ 0000000140002d90 f i libucrtd:argv_parsing.obj
 0001:00001d90       ?release@?$__crt_unique_heap_ptr@U__vcrt_ptd@@U__crt_internal_free_policy@@@@QEAAXXZ 0000000140002d90 f i libvcruntimed:per_thread_data.obj
 0001:00001d90       ?release@?$__crt_unique_heap_ptr@DU__crt_internal_free_policy@@@@QEAAXXZ 0000000140002d90 f i libvcruntimed:std_type_info.obj
 0001:00001d90       ?release@?$__crt_unique_heap_ptr@PEAU__crt_stdio_stream_data@@U__crt_internal_free_policy@@@@QEAAXXZ 0000000140002d90 f i libucrtd:_file.obj
 0001:00001dc0       __std_type_info_compare    0000000140002dc0 f   libvcruntimed:std_type_info.obj
 0001:00001e00       __DestructExceptionObject  0000000140002e00 f   libvcruntimed:ehhelpers.obj
 0001:00001f00       ?_CallMemberFunction0@@YAXQEAX0@Z 0000000140002f00 f i libvcruntimed:ehhelpers.obj
 0001:00001fd0       _IsExceptionObjectToBeDestroyed 0000000140002fd0 f   libvcruntimed:ehhelpers.obj
 0001:00002020       __AdjustPointer            0000000140003020 f   libvcruntimed:ehhelpers.obj
 0001:000020a0       __FrameUnwindFilter        00000001400030a0 f   libvcruntimed:ehhelpers.obj
 0001:00002150       __current_exception        0000000140003150 f   libvcruntimed:ehhelpers.obj
 0001:00002170       __current_exception_context 0000000140003170 f   libvcruntimed:ehhelpers.obj
 0001:000021a0       _NLG_Notify                00000001400031a0 f   libvcruntimed:notify.obj
 0001:000021c0       __NLG_Dispatch2            00000001400031c0 f   libvcruntimed:notify.obj
 0001:000021d0       __NLG_Return2              00000001400031d0 f   libvcruntimed:notify.obj
 0001:000021e0       __except_validate_context_record 00000001400031e0 f   libvcruntimed:jbcxrval.obj
 0001:00002280       ?detach@?$__crt_unique_heap_ptr@PEAU__crt_stdio_stream_data@@U__crt_internal_free_policy@@@@QEAAPEAPEAU__crt_stdio_stream_data@@XZ 0000000140003280 f i libucrtd:_file.obj
 0001:00002280       ?detach@?$__crt_unique_heap_ptr@P6AXXZU__crt_internal_free_policy@@@@QEAAPEAP6AXXZXZ 0000000140003280 f i libucrtd:onexit.obj
 0001:00002280       ?detach@?$__crt_unique_heap_ptr@U__crt_lowio_handle_data@@U__crt_internal_free_policy@@@@QEAAPEAU__crt_lowio_handle_data@@XZ 0000000140003280 f i libucrtd:osfinfo.obj
 0001:00002280       ?detach@?$__crt_unique_heap_ptr@U__crt_multibyte_data@@U__crt_internal_free_policy@@@@QEAAPEAU__crt_multibyte_data@@XZ 0000000140003280 f i libucrtd:wsetlocale.obj
 0001:00002280       ?detach@?$__crt_unique_heap_ptr@EU__crt_internal_free_policy@@@@QEAAPEAEXZ 0000000140003280 f i libucrtd:argv_parsing.obj
 0001:00002280       ?detach@?$__crt_unique_heap_ptr@PEADU__crt_internal_free_policy@@@@QEAAPEAPEADXZ 0000000140003280 f i libucrtd:argv_parsing.obj
 0001:00002280       ?detach@?$__crt_unique_heap_ptr@U__acrt_ptd@@U__crt_internal_free_policy@@@@QEAAPEAU__acrt_ptd@@XZ 0000000140003280 f i libucrtd:per_thread_data.obj
 0001:00002280       ?detach@?$__crt_unique_heap_ptr@U__vcrt_ptd@@U__crt_internal_free_policy@@@@QEAAPEAU__vcrt_ptd@@XZ 0000000140003280 f i libvcruntimed:per_thread_data.obj
 0001:00002280       ?detach@?$__crt_unique_heap_ptr@DU__crt_public_free_policy@@@@QEAAPEADXZ 0000000140003280 f i libvcruntimed:std_exception.obj
 0001:000022f0       __vcrt_freefls             00000001400032f0 f   libvcruntimed:per_thread_data.obj
 0001:00002330       __vcrt_getptd              0000000140003330 f   libvcruntimed:per_thread_data.obj
 0001:00002360       __vcrt_getptd_noexit       0000000140003360 f   libvcruntimed:per_thread_data.obj
 0001:00002500       __vcrt_initialize_ptd      0000000140003500 f   libvcruntimed:per_thread_data.obj
 0001:00002550       __vcrt_uninitialize_ptd    0000000140003550 f   libvcruntimed:per_thread_data.obj
 0001:00002580       __vcrt_initialize_locks    0000000140003580 f   libvcruntimed:locks.obj
 0001:000025f0       __vcrt_uninitialize_locks  00000001400035f0 f   libvcruntimed:locks.obj
 0001:00002650       _vsprintf_s_l              0000000140003650 f i libvcruntimed:undname.obj
 0001:000026c0       sprintf_s                  00000001400036c0 f i libvcruntimed:undname.obj
 0001:00002720       ??$__crt_interlocked_exchange_pointer@UHINSTANCE__@@PEAX@@YAPEAUHINSTANCE__@@PEDSEAU0@QEAX@Z 0000000140003720 f i libvcruntimed:winapi_downlevel.obj
 0001:00002720       ??$__crt_interlocked_exchange_pointer@XPEAX@@YAPEAXPEDSEAXQEAX@Z 0000000140003720 f i libvcruntimed:winapi_downlevel.obj
 0001:00002720       ??$__crt_interlocked_exchange_pointer@UHINSTANCE__@@PEAU1@@@YAPEAUHINSTANCE__@@PEDSEAU0@QEAU0@@Z 0000000140003720 f i libvcruntimed:winapi_downlevel.obj
 0001:00002740       ?get_invalid_value@__crt_findfile_traits@@SAPEAXXZ 0000000140003740 f   libucrtd:argv_wildcards.obj
 0001:00002c30       __vcrt_FlsAlloc            0000000140003c30 f   libvcruntimed:winapi_downlevel.obj
 0001:00002c80       __vcrt_FlsFree             0000000140003c80 f   libvcruntimed:winapi_downlevel.obj
 0001:00002cd0       __vcrt_FlsGetValue         0000000140003cd0 f   libvcruntimed:winapi_downlevel.obj
 0001:00002d20       __vcrt_FlsSetValue         0000000140003d20 f   libvcruntimed:winapi_downlevel.obj
 0001:00002d80       __vcrt_InitializeCriticalSectionEx 0000000140003d80 f   libvcruntimed:winapi_downlevel.obj
 0001:00002e00       memcpy_repmovs             0000000140003e00 f   libvcruntimed:memcpy.obj
 0001:00002e20       memcpy                     0000000140003e20 f   libvcruntimed:memcpy.obj
 0001:00002e20       memmove                    0000000140003e20 f   libvcruntimed:memcpy.obj
 0001:00003200       ??$?0AEAViterator@TryBlockMap@__FrameHandler3@@AEAV012@$0A@@?$pair@Viterator@TryBlockMap@__FrameHandler3@@V123@@std@@QEAA@AEAViterator@TryBlockMap@__FrameHandler3@@0@Z 0000000140004200 f i libvcruntimed:risctrnsctrl.obj
 0001:00003310       ??$_CallSETranslator@V__FrameHandler3@@@@YAHPEAUEHExceptionRecord@@PEA_KPEAU_CONTEXT@@PEAU_xDISPATCHER_CONTEXT@@PEBU_s_FuncInfo@@K1@Z 0000000140004310 f i libvcruntimed:risctrnsctrl.obj
 0001:000033a0       ?dangerous_get_state_array@?$dual_state_global@PEAE@__crt_state_management@@QEAAPEAPEAEXZ 00000001400043a0 f i libucrtd:mbctype.obj
 0001:000033a0       ??$forward@AEAViterator@TryBlockMap@__FrameHandler3@@@std@@YAAEAViterator@TryBlockMap@__FrameHandler3@@AEAV123@@Z 00000001400043a0 f i libvcruntimed:risctrnsctrl.obj
 0001:000033a0       ?debug_info@?$__crt_win32_buffer@DU__crt_win32_buffer_internal_dynamic_resizing@@@@QEBAAEBV__crt_win32_buffer_empty_debug_info@@XZ 00000001400043a0 f i libucrtd:argv_wildcards.obj
 0001:000033a0       ?debug_info@?$__crt_win32_buffer@_WU__crt_win32_buffer_internal_dynamic_resizing@@@@QEBAAEBV__crt_win32_buffer_empty_debug_info@@XZ 00000001400043a0 f i libucrtd:argv_wildcards.obj
 0001:000033a0       ?debug_info@?$__crt_win32_buffer@DU__crt_win32_buffer_no_resizing@@@@QEBAAEBV__crt_win32_buffer_empty_debug_info@@XZ 00000001400043a0 f i libucrtd:getmodulefilenamea.obj
 0001:000033a0       ?dangerous_get_state_array@?$dual_state_global@PEAU__crt_multibyte_data@@@__crt_state_management@@QEAAPEAPEAU__crt_multibyte_data@@XZ 00000001400043a0 f i libucrtd:mbctype.obj
 0001:000033a0       ?dangerous_get_state_array@?$dual_state_global@PEAU__crt_locale_data@@@__crt_state_management@@QEAAPEAPEAU__crt_locale_data@@XZ 00000001400043a0 f i libucrtd:per_thread_data.obj
 0001:000033a0       ?get_address_of@?$__crt_unique_heap_ptr@PEADU__crt_internal_free_policy@@@@QEAAPEAPEAPEADXZ 00000001400043a0 f i libucrtd:argv_parsing.obj
 0001:000033a0       ?get_address_of@?$__crt_unique_handle_t@U__crt_hmodule_traits@@@@QEAAPEAPEAUHINSTANCE__@@XZ 00000001400043a0 f i libucrtd:exit.obj
 0001:000033a0       ?dangerous_get_state_array@?$dual_state_global@P6AXPEB_W00I_K@Z@__crt_state_management@@QEAAPEAP6AXPEB_W00I_K@ZXZ 00000001400043a0 f i libucrtd:invalid_parameter.obj
 0001:000033b0       ??0iterator@HandlerMap@__FrameHandler3@@QEAA@AEAV12@I@Z 00000001400043b0 f i libvcruntimed:frame.obj
 0001:000033b0       ??0iterator@TryBlockMap@__FrameHandler3@@QEAA@AEAV12@I@Z 00000001400043b0 f i libvcruntimed:risctrnsctrl.obj
 0001:000033e0       ?CatchTryBlock@__FrameHandler3@@SAPEBU_s_TryBlockMapEntry@@PEBU_s_FuncInfo@@H@Z 00000001400043e0 f   libvcruntimed:risctrnsctrl.obj
 0001:00003470       ?ExecutionInCatch@__FrameHandler3@@SA_NPEAU_xDISPATCHER_CONTEXT@@PEBU_s_FuncInfo@@@Z 0000000140004470 f   libvcruntimed:risctrnsctrl.obj
 0001:000034c0       ?FrameUnwindToEmptyState@__FrameHandler3@@SAXPEA_KPEAU_xDISPATCHER_CONTEXT@@PEBU_s_FuncInfo@@@Z 00000001400044c0 f   libvcruntimed:risctrnsctrl.obj
 0001:00003560       ?GetEstablisherFrame@__FrameHandler3@@SAPEA_KPEA_KPEAU_xDISPATCHER_CONTEXT@@PEBU_s_FuncInfo@@0@Z 0000000140004560 f   libvcruntimed:risctrnsctrl.obj
 0001:000036d0       ?GetRangeOfTrysToCheck@__FrameHandler3@@SA?AU?$pair@Viterator@TryBlockMap@__FrameHandler3@@V123@@std@@AEAVTryBlockMap@1@HPEAU_xDISPATCHER_CONTEXT@@PEBU_s_FuncInfo@@H@Z 00000001400046d0 f   libvcruntimed:risctrnsctrl.obj
 0001:00003910       ?UnwindNestedFrames@__FrameHandler3@@SAXPEA_KPEAUEHExceptionRecord@@PEAU_CONTEXT@@0PEAXPEBU_s_FuncInfo@@HHPEBU_s_HandlerType@@PEAU_xDISPATCHER_CONTEXT@@E@Z 0000000140004910 f   libvcruntimed:risctrnsctrl.obj
 0001:00003a80       _CreateFrameInfo           0000000140004a80 f   libvcruntimed:risctrnsctrl.obj
 0001:00003af0       _FindAndUnlinkFrame        0000000140004af0 f   libvcruntimed:risctrnsctrl.obj
 0001:00003b70       _GetImageBase              0000000140004b70 f   libvcruntimed:risctrnsctrl.obj
 0001:00003b90       _GetThrowImageBase         0000000140004b90 f   libvcruntimed:risctrnsctrl.obj
 0001:00003bb0       _SetImageBase              0000000140004bb0 f   libvcruntimed:risctrnsctrl.obj
 0001:00003bd0       _SetThrowImageBase         0000000140004bd0 f   libvcruntimed:risctrnsctrl.obj
 0001:00003bf0       __CxxFrameHandler3         0000000140004bf0 f   libvcruntimed:risctrnsctrl.obj
 0001:00003cd0       ?GetCurrentState@__FrameHandler3@@SAHPEA_KPEAU_xDISPATCHER_CONTEXT@@PEBU_s_FuncInfo@@@Z 0000000140004cd0 f   libvcruntimed:ehstate.obj
 0001:00003d30       ?GetUnwindTryBlock@__FrameHandler3@@SAHPEA_KPEAU_xDISPATCHER_CONTEXT@@PEBU_s_FuncInfo@@@Z 0000000140004d30 f   libvcruntimed:ehstate.obj
 0001:00003d80       ?SetState@__FrameHandler3@@SAXPEA_KPEBU_s_FuncInfo@@H@Z 0000000140004d80 f   libvcruntimed:ehstate.obj
 0001:00003db0       ?SetUnwindTryBlock@__FrameHandler3@@SAXPEA_KPEAU_xDISPATCHER_CONTEXT@@PEBU_s_FuncInfo@@H@Z 0000000140004db0 f   libvcruntimed:ehstate.obj
 0001:00003e20       ?StateFromControlPc@__FrameHandler3@@SAHPEBU_s_FuncInfo@@PEAU_xDISPATCHER_CONTEXT@@@Z 0000000140004e20 f   libvcruntimed:ehstate.obj
 0001:00003e60       ?StateFromIp@__FrameHandler3@@SAHPEBU_s_FuncInfo@@PEAU_xDISPATCHER_CONTEXT@@_K@Z 0000000140004e60 f   libvcruntimed:ehstate.obj
 0001:00003f50       ?__RVAtoRealOffset@@YA_KPEAU_xDISPATCHER_CONTEXT@@H@Z 0000000140004f50 f i libvcruntimed:ehstate.obj
 0001:00005120       ??$TypeMatchHelper@V__FrameHandler3@@@@YAHPEBU_s_HandlerType@@PEBU_s_CatchableType@@PEBU_s_ThrowInfo@@@Z 0000000140006120 f i libvcruntimed:frame.obj
 0001:00005320       ??$__InternalCxxFrameHandler@V__FrameHandler3@@@@YA?AW4_EXCEPTION_DISPOSITION@@PEAUEHExceptionRecord@@PEA_KPEAU_CONTEXT@@PEAU_xDISPATCHER_CONTEXT@@PEBU_s_FuncInfo@@H1E@Z 0000000140006320 f i libvcruntimed:frame.obj
 0001:00005790       ??0HandlerMap@__FrameHandler3@@QEAA@PEBU_s_TryBlockMapEntry@@_KI@Z 0000000140006790 f i libvcruntimed:frame.obj
 0001:000057e0       ??0TryBlockMap@__FrameHandler3@@QEAA@PEBU_s_FuncInfo@@_K@Z 00000001400067e0 f i libvcruntimed:frame.obj
 0001:00005810       ??0bad_exception@std@@QEAA@AEBV01@@Z 0000000140006810 f i libvcruntimed:frame.obj
 0001:00005850       ??0bad_exception@std@@QEAA@XZ 0000000140006850 f i libvcruntimed:frame.obj
 0001:00005890       ??0exception@std@@QEAA@AEBV01@@Z 0000000140006890 f i libvcruntimed:frame.obj
 0001:000058f0       ??0exception@std@@QEAA@QEBDH@Z 00000001400068f0 f i libvcruntimed:frame.obj
 0001:00005940       ??1bad_exception@std@@UEAA@XZ 0000000140006940 f i libvcruntimed:frame.obj
 0001:00005960       ??1exception@std@@UEAA@XZ  0000000140006960 f i libvcruntimed:frame.obj
 0001:00005990       ??8iterator@HandlerMap@__FrameHandler3@@QEBA_NAEBV012@@Z 0000000140006990 f i libvcruntimed:frame.obj
 0001:000059d0       ??8type_info@@QEBA_NAEBV0@@Z 00000001400069d0 f i libvcruntimed:frame.obj
 0001:00005a20       ??9iterator@HandlerMap@__FrameHandler3@@QEBA_NAEBV012@@Z 0000000140006a20 f i libvcruntimed:frame.obj
 0001:00005a60       ??Diterator@HandlerMap@__FrameHandler3@@QEAA?BU_s_HandlerType@@XZ 0000000140006a60 f i libvcruntimed:frame.obj
 0001:00005aa0       ??Diterator@TryBlockMap@__FrameHandler3@@QEAA?BU_s_TryBlockMapEntry@@XZ 0000000140006aa0 f i libvcruntimed:frame.obj
 0001:00005af0       ??Eiterator@TryBlockMap@__FrameHandler3@@QEAAAEAV012@XZ 0000000140006af0 f i libvcruntimed:frame.obj
 0001:00005af0       ??Eiterator@HandlerMap@__FrameHandler3@@QEAAAEAV012@XZ 0000000140006af0 f i libvcruntimed:frame.obj
 0001:00005b10       ??Miterator@TryBlockMap@__FrameHandler3@@QEBA_NAEBV012@@Z 0000000140006b10 f i libvcruntimed:frame.obj
 0001:00005b50       ??_Gbad_exception@std@@UEAAPEAXI@Z 0000000140006b50 f i libvcruntimed:frame.obj
 0001:00005b50       ??_Ebad_exception@std@@UEAAPEAXI@Z 0000000140006b50 f i libvcruntimed:frame.obj
 0001:00005b90       ??_Eexception@std@@UEAAPEAXI@Z 0000000140006b90 f i libvcruntimed:frame.obj
 0001:00005b90       ??_Gexception@std@@UEAAPEAXI@Z 0000000140006b90 f i libvcruntimed:frame.obj
 0001:00005bd0       ?BuildCatchObject@__FrameHandler3@@SAXPEAUEHExceptionRecord@@PEAXPEBU_s_HandlerType@@PEBU_s_CatchableType@@@Z 0000000140006bd0 f   libvcruntimed:frame.obj
 0001:00005c10       ?CxxCallCatchBlock@__FrameHandler3@@SAPEAXPEAU_EXCEPTION_RECORD@@@Z 0000000140006c10 f   libvcruntimed:frame.obj
 0001:00005f70       ?FrameUnwindToState@__FrameHandler3@@SAXPEA_KPEAU_xDISPATCHER_CONTEXT@@PEBU_s_FuncInfo@@H@Z 0000000140006f70 f   libvcruntimed:frame.obj
 0001:000061c0       ?GetHandlerSearchState@__FrameHandler3@@SAHPEA_KPEAU_xDISPATCHER_CONTEXT@@PEBU_s_FuncInfo@@@Z 00000001400071c0 f i libvcruntimed:frame.obj
 0001:00006270       ?GetMaxState@__FrameHandler3@@SAHPEAU_xDISPATCHER_CONTEXT@@PEBU_s_FuncInfo@@@Z 0000000140007270 f i libvcruntimed:frame.obj
 0001:00006470       ?TypeMatch@__FrameHandler3@@SAHPEBU_s_HandlerType@@PEBU_s_CatchableType@@PEBU_s_ThrowInfo@@@Z 0000000140007470 f   libvcruntimed:frame.obj
 0001:00006470       __TypeMatch                0000000140007470 f   libvcruntimed:frame.obj
 0001:000064a0       ?_CallMemberFunction1@@YAXQEAX00@Z 00000001400074a0 f i libvcruntimed:frame.obj
 0001:000064e0       ?_CallMemberFunction2@@YAXQEAX00H@Z 00000001400074e0 f i libvcruntimed:frame.obj
 0001:00006570       ?begin@HandlerMap@__FrameHandler3@@QEAA?AViterator@12@XZ 0000000140007570 f i libvcruntimed:frame.obj
 0001:000065a0       ?end@HandlerMap@__FrameHandler3@@QEAA?AViterator@12@XZ 00000001400075a0 f i libvcruntimed:frame.obj
 0001:000065d0       ?getESTypes@__FrameHandler3@@SAPEBU_s_ESTypeList@@PEBU_s_FuncInfo@@@Z 00000001400075d0 f i libvcruntimed:frame.obj
 0001:00006610       ?getLastEntry@HandlerMap@__FrameHandler3@@QEAAPEBU_s_HandlerType@@XZ 0000000140007610 f i libvcruntimed:frame.obj
 0001:00006630       ?getMagicNum@__FrameHandler3@@SAIPEBU_s_FuncInfo@@@Z 0000000140007630 f i libvcruntimed:frame.obj
 0001:00006650       ?getNumTryBlocks@TryBlockMap@__FrameHandler3@@QEAAIXZ 0000000140007650 f i libvcruntimed:frame.obj
 0001:00006670       ?isEHs@__FrameHandler3@@SA_NPEBU_s_FuncInfo@@@Z 0000000140007670 f i libvcruntimed:frame.obj
 0001:000066b0       ?isNoExcept@__FrameHandler3@@SA_NPEBU_s_FuncInfo@@@Z 00000001400076b0 f i libvcruntimed:frame.obj
 0001:000066f0       ?what@exception@std@@UEBAPEBDXZ 00000001400076f0 f i libvcruntimed:frame.obj
 0001:00006730       __vcrt_EncodePointer       0000000140007730 f i libvcruntimed:frame.obj
 0001:00006760       memset_repmovs             0000000140007760 f   libvcruntimed:memset.obj
 0001:00006780       memset                     0000000140007780 f   libvcruntimed:memset.obj
 0001:00006920       _CallSettingFrame          0000000140007920 f   libvcruntimed:handlers.obj
 0001:00006970       _CallSettingFrame_LookupContinuationIndex 0000000140007970 f   libvcruntimed:handlers.obj
 0001:000069a0       _CallSettingFrame_NotifyContinuationAddr 00000001400079a0 f   libvcruntimed:handlers.obj
 0001:000069d0       _CallSettingFrameEncoded   00000001400079d0 f   libvcruntimed:handlers.obj
 0001:00006a20       ??$?RD@__crt_public_free_policy@@QEBAXQEBD@Z 0000000140007a20 f i libvcruntimed:std_exception.obj
 0001:00006a40       ??1?$__crt_unique_heap_ptr@DU__crt_public_free_policy@@@@QEAA@XZ 0000000140007a40 f i libvcruntimed:std_exception.obj
 0001:00006a60       ?release@?$__crt_unique_heap_ptr@DU__crt_public_free_policy@@@@QEAAXXZ 0000000140007a60 f i libvcruntimed:std_exception.obj
 0001:00006a90       __std_exception_copy       0000000140007a90 f   libvcruntimed:std_exception.obj
 0001:00006bd0       __std_exception_destroy    0000000140007bd0 f   libvcruntimed:std_exception.obj
 0001:00006c10       _CxxThrowException         0000000140007c10 f   libvcruntimed:throw.obj
 0001:00006db0       _seh_filter_exe            0000000140007db0 f   libucrtd:exception_filter.obj
 0001:00007220       __acrt_report_runtime_error 0000000140008220 f   libucrtd:report_runtime_error.obj
 0001:000074a0       _invoke_watson_if_error    00000001400084a0 f i libucrtd:report_runtime_error.obj
 0001:000074f0       _query_app_type            00000001400084f0 f   libucrtd:report_runtime_error.obj
 0001:00007500       _set_app_type              0000000140008500 f   libucrtd:report_runtime_error.obj
 0001:00007510       ??$__crt_fast_decode_pointer@P6AXXZ@@YAP6AXXZQ6AXXZ@Z 0000000140008510 f i libucrtd:onexit.obj
 0001:00007510       ??$__crt_fast_decode_pointer@PEAX@@YAPEAXQEAX@Z 0000000140008510 f i libucrtd:winapi_thunks.obj
 0001:00007510       ??$__crt_fast_decode_pointer@P6AHPEAU_exception@@@Z@@YAP6AHPEAU_exception@@@ZQ6AH0@Z@Z 0000000140008510 f i libucrtd:matherr.obj
 0001:00007510       ??$__crt_fast_decode_pointer@P6AXPEAXK0@Z@@YAP6AXPEAXK0@ZQ6AX0K0@Z@Z 0000000140008510 f i libucrtd:exit.obj
 0001:00007510       ??$__crt_fast_decode_pointer@P6AXH@Z@@YAP6AXH@ZQ6AXH@Z@Z 0000000140008510 f i libucrtd:signal.obj
 0001:00007510       ??$__crt_fast_decode_pointer@PEAP6AXXZ@@YAPEAP6AXXZQEAP6AXXZ@Z 0000000140008510 f i libucrtd:onexit.obj
 0001:00007510       ??$__crt_fast_decode_pointer@P6AXPEB_W00I_K@Z@@YAP6AXPEB_W00I_K@ZQ6AX000I1@Z@Z 0000000140008510 f i libucrtd:invalid_parameter.obj
 0001:00007510       ??$__crt_fast_decode_pointer@P6AH_K@Z@@YAP6AH_K@ZQ6AH0@Z@Z 0000000140008510 f i libucrtd:new_handler.obj
 0001:00007550       ??$__crt_fast_encode_pointer@PEAX@@YAPEAXQEAX@Z 0000000140008550 f i libucrtd:initialization.obj
 0001:00007550       ??$__crt_fast_encode_pointer@P6AHXZ@@YAP6AHXZQ6AHXZ@Z 0000000140008550 f i libucrtd:onexit.obj
 0001:00007550       ??$__crt_fast_encode_pointer@P6AXH@Z@@YAP6AXH@ZQ6AXH@Z@Z 0000000140008550 f i libucrtd:signal.obj
 0001:00007550       ??$__crt_fast_encode_pointer@PEAP6AXXZ@@YAPEAP6AXXZQEAP6AXXZ@Z 0000000140008550 f i libucrtd:onexit.obj
 0001:00007550       ??$__crt_fast_encode_pointer@P6AXXZ@@YAP6AXXZQ6AXXZ@Z 0000000140008550 f i libucrtd:onexit.obj
 0001:00007550       ??$__crt_fast_encode_pointer@P6AHPEAU_exception@@@Z@@YAP6AHPEAU_exception@@@ZQ6AH0@Z@Z 0000000140008550 f i libucrtd:matherr.obj
 0001:00007550       ??$__crt_fast_encode_pointer@P6AXPEAXK0@Z@@YAP6AXPEAXK0@ZQ6AX0K0@Z@Z 0000000140008550 f i libucrtd:exit.obj
 0001:00007590       ?__crt_rotate_pointer_value@@YA_K_KH@Z 0000000140008590 f i libucrtd:matherr.obj
 0001:000075b0       ?initialize@?$dual_state_global@P6AH_K@Z@__crt_state_management@@QEAAXQ6AH_K@Z@Z 00000001400085b0 f i libucrtd:new_handler.obj
 0001:000075b0       ?initialize@?$dual_state_global@P6AXH@Z@__crt_state_management@@QEAAXQ6AXH@Z@Z 00000001400085b0 f i libucrtd:signal.obj
 0001:000075b0       ?initialize@?$dual_state_global@P6AHPEAU_exception@@@Z@__crt_state_management@@QEAAXQ6AHPEAU_exception@@@Z@Z 00000001400085b0 f i libucrtd:matherr.obj
 0001:000075b0       ?initialize@?$dual_state_global@PEAU__crt_locale_data@@@__crt_state_management@@QEAAXQEAU__crt_locale_data@@@Z 00000001400085b0 f i libucrtd:initialization.obj
 0001:000075b0       ?initialize@?$dual_state_global@PEAU__crt_multibyte_data@@@__crt_state_management@@QEAAXQEAU__crt_multibyte_data@@@Z 00000001400085b0 f i libucrtd:mbctype.obj
 0001:00007600       ?value@?$dual_state_global@PEAU__crt_multibyte_data@@@__crt_state_management@@QEAAAEAPEAU__crt_multibyte_data@@XZ 0000000140008600 f i libucrtd:mbctype.obj
 0001:00007600       ?value@?$dual_state_global@P6AHPEAU_exception@@@Z@__crt_state_management@@QEAAAEAP6AHPEAU_exception@@@ZXZ 0000000140008600 f i libucrtd:matherr.obj
 0001:00007600       ?value@?$dual_state_global@PEAE@__crt_state_management@@QEAAAEAPEAEXZ 0000000140008600 f i libucrtd:mbctype.obj
 0001:00007600       ?value@?$dual_state_global@PEAU__crt_locale_data@@@__crt_state_management@@QEAAAEAPEAU__crt_locale_data@@XZ 0000000140008600 f i libucrtd:wsetlocale.obj
 0001:00007600       ?value@?$dual_state_global@P6AXH@Z@__crt_state_management@@QEAAAEAP6AXH@ZXZ 0000000140008600 f i libucrtd:signal.obj
 0001:00007600       ?value@?$dual_state_global@P6AXPEB_W00I_K@Z@__crt_state_management@@QEAAAEAP6AXPEB_W00I_K@ZXZ 0000000140008600 f i libucrtd:invalid_parameter.obj
 0001:00007600       ?value@?$dual_state_global@P6AH_K@Z@__crt_state_management@@QEAAAEAP6AH_K@ZXZ 0000000140008600 f i libucrtd:new_handler.obj
 0001:00007620       __acrt_has_user_matherr    0000000140008620 f   libucrtd:matherr.obj
 0001:00007660       __acrt_initialize_user_matherr 0000000140008660 f   libucrtd:matherr.obj
 0001:00007680       __acrt_invoke_user_matherr 0000000140008680 f   libucrtd:matherr.obj
 0001:000076d0       __setusermatherr           00000001400086d0 f   libucrtd:matherr.obj
 0001:00007aa0       ??$get_module_file_name@$$TAEAY0BAF@DH@?$__crt_char_traits@D@@SAK$$QEA$$TAEAY0BAF@D$$QEAH@Z 0000000140008aa0 f i libucrtd:argv_parsing.obj
 0001:00007aa0       ??$get_module_file_name@AEAPEAUHINSTANCE__@@AEAY0BAF@DK@?$__crt_char_traits@D@@SAKAEAPEAUHINSTANCE__@@AEAY0BAF@D$$QEAK@Z 0000000140008aa0 f i libucrtd:dbgrpt.obj
 0001:00007f70       ??$set_program_name@PEAD@?$__crt_char_traits@D@@SAX$$QEAPEAD@Z 0000000140008f70 f i libucrtd:argv_parsing.obj
 0001:000080a0       __acrt_allocate_buffer_for_argv 00000001400090a0 f   libucrtd:argv_parsing.obj
 0001:000081c0       _configure_narrow_argv     00000001400091c0 f   libucrtd:argv_parsing.obj
 0001:000081e0       _set_pgmptr                00000001400091e0 f i libucrtd:argv_parsing.obj
 0001:00008500       ??$tcslen@AEAPEAD@?$__crt_char_traits@D@@SA_KAEAPEAD@Z 0000000140009500 f i libucrtd:environment_initialization.obj
 0001:0000854c       ??B?$__crt_unique_heap_ptr@PEADU__crt_internal_free_policy@@@@QEBA_NXZ 000000014000954c f i libucrtd:environment_initialization.obj
 0001:00008554       ?detach@?$__crt_unique_heap_ptr@DU__crt_internal_free_policy@@@@QEAAPEADXZ 0000000140009554 f i libucrtd:environment_initialization.obj
 0001:0000855c       __dcrt_get_or_create_narrow_environment_nolock 000000014000955c f   libucrtd:environment_initialization.obj
 0001:00008598       __dcrt_uninitialize_environments_nolock 0000000140009598 f   libucrtd:environment_initialization.obj
 0001:000085d0       _get_initial_narrow_environment 00000001400095d0 f   libucrtd:environment_initialization.obj
 0001:00008620       _initialize_narrow_environment 0000000140009620 f   libucrtd:environment_initialization.obj
 0001:00008630       _initterm                  0000000140009630 f   libucrtd:initterm.obj
 0001:00008690       _initterm_e                0000000140009690 f   libucrtd:initterm.obj
 0001:00008710       ??$?BX@__crt_fast_encoded_nullptr_t@@QEBAPEAXXZ 0000000140009710 f i libucrtd:initialization.obj
 0001:00008710       ??$?B$$A6AXXZ@__crt_fast_encoded_nullptr_t@@QEBAP6AXXZXZ 0000000140009710 f i libucrtd:onexit.obj
 0001:00008710       ??$?B$$A6AXPEAXK0@Z@__crt_fast_encoded_nullptr_t@@QEBAP6AXPEAXK0@ZXZ 0000000140009710 f i libucrtd:exit.obj
 0001:00008710       ??$?B$$A6AXH@Z@__crt_fast_encoded_nullptr_t@@QEBAP6AXH@ZXZ 0000000140009710 f i libucrtd:signal.obj
 0001:00008710       ??$?BP6AXXZ@__crt_fast_encoded_nullptr_t@@QEBAPEAP6AXXZXZ 0000000140009710 f i libucrtd:onexit.obj
 0001:000087c0       ??$__crt_get_proc_address@P6AXI@Z@@YAP6AXI@ZQEAUHINSTANCE__@@QEBD@Z 00000001400097c0 f i libucrtd:exit.obj
 0001:000087f0       ??$__crt_interlocked_read@J@@YAJPEDJ@Z 00000001400097f0 f i libucrtd:exit.obj
 0001:00008880       ??1?$__crt_unique_handle_t@U__crt_hmodule_traits@@@@QEAA@XZ 0000000140009880 f i libucrtd:exit.obj
 0001:000089e0       ?__acrt_select_exit_lock@@YA?AW4__acrt_lock_id@@XZ 00000001400099e0 f i libucrtd:exit.obj
 0001:000089f0       ?__crt_fast_encode_pointer@@YA?AU__crt_fast_encoded_nullptr_t@@$$T@Z 00000001400099f0 f i libucrtd:exit.obj
 0001:00008a10       ?__crt_interlocked_read_32@@YAHPEDH@Z 0000000140009a10 f i libucrtd:exit.obj
 0001:00008a50       ?close@?$__crt_unique_handle_t@U__crt_hmodule_traits@@@@QEAAXXZ 0000000140009a50 f i libucrtd:exit.obj
 0001:00008a90       ?close@__crt_hmodule_traits@@SA_NPEAUHINSTANCE__@@@Z 0000000140009a90 f i libucrtd:exit.obj
 0001:00008d50       __acrt_initialize_thread_local_exit_callback 0000000140009d50 f   libucrtd:exit.obj
 0001:00008d70       _c_exit                    0000000140009d70 f   libucrtd:exit.obj
 0001:00008d90       _cexit                     0000000140009d90 f   libucrtd:exit.obj
 0001:00008db0       _exit                      0000000140009db0 f   libucrtd:exit.obj
 0001:00008dd0       _register_thread_local_exe_atexit_callback 0000000140009dd0 f   libucrtd:exit.obj
 0001:00008e20       exit                       0000000140009e20 f   libucrtd:exit.obj
 0001:00008e40       ?value@?$dual_state_global@H@__crt_state_management@@QEAAAEAHXZ 0000000140009e40 f i libucrtd:setmode.obj
 0001:00008e40       ?value@?$dual_state_global@J@__crt_state_management@@QEAAAEAJXZ 0000000140009e40 f i libucrtd:new_mode.obj
 0001:00008e60       _set_fmode                 0000000140009e60 f   libucrtd:setmode.obj
 0001:00008f40       __acrt_initialize_command_line 0000000140009f40 f   libucrtd:argv_data.obj
 0001:00008f70       __acrt_uninitialize_command_line 0000000140009f70 f   libucrtd:argv_data.obj
 0001:00008f80       __p___argc                 0000000140009f80 f   libucrtd:argv_data.obj
 0001:00008f90       __p___argv                 0000000140009f90 f   libucrtd:argv_data.obj
 0001:00009100       __acrt_set_locale_changed  000000014000a100 f   libucrtd:wsetlocale.obj
 0001:00009110       __acrt_uninitialize_locale 000000014000a110 f   libucrtd:wsetlocale.obj
 0001:00009140       __ascii_tolower            000000014000a140 f i libucrtd:wsetlocale.obj
 0001:00009160       __ascii_towlower           000000014000a160 f i libucrtd:wsetlocale.obj
 0001:00009180       _configthreadlocale        000000014000a180 f   libucrtd:wsetlocale.obj
 0001:000092e0       _query_new_mode            000000014000a2e0 f   libucrtd:new_mode.obj
 0001:00009300       _set_new_mode              000000014000a300 f   libucrtd:new_mode.obj
 0001:000093d0       __p__commode               000000014000a3d0 f   libucrtd:ncommode.obj
 0001:00009a60       _crt_atexit                000000014000aa60 f   libucrtd:onexit.obj
 0001:00009a80       _execute_onexit_table      000000014000aa80 f   libucrtd:onexit.obj
 0001:00009ac0       _initialize_onexit_table   000000014000aac0 f   libucrtd:onexit.obj
 0001:00009b40       _register_onexit_function  000000014000ab40 f   libucrtd:onexit.obj
 0001:00009e20       __acrt_initialize          000000014000ae20 f   libucrtd:initialization.obj
 0001:00009e50       __acrt_uninitialize        000000014000ae50 f   libucrtd:initialization.obj
 0001:00009e80       terminate                  000000014000ae80 f   libucrtd:terminate.obj
 0001:00009ec0       ??0_LocaleUpdate@@QEAA@QEAU__crt_locale_pointers@@@Z 000000014000aec0 f i libucrtd:debug_heap.obj
 0001:00009fe0       ??1_LocaleUpdate@@QEAA@XZ  000000014000afe0 f i libucrtd:debug_heap.obj
 0001:0000a020       ?GetLocaleT@_LocaleUpdate@@QEAAPEAU__crt_locale_pointers@@XZ 000000014000b020 f i libucrtd:debug_heap.obj
 0001:0000c000       _CrtCheckMemory            000000014000d000 f   libucrtd:debug_heap.obj
 0001:0000c190       _CrtDumpMemoryLeaks        000000014000d190 f   libucrtd:debug_heap.obj
 0001:0000c250       _CrtIsValidHeapPointer     000000014000d250 f   libucrtd:debug_heap.obj
 0001:0000c290       _CrtIsValidPointer         000000014000d290 f   libucrtd:debug_heap.obj
 0001:0000c2d0       _CrtMemCheckpoint          000000014000d2d0 f   libucrtd:debug_heap.obj
 0001:0000c550       _CrtMemDumpAllObjectsSince 000000014000d550 f   libucrtd:debug_heap.obj
 0001:0000c5b0       _CrtSetDbgFlag             000000014000d5b0 f   libucrtd:debug_heap.obj
 0001:0000c710       _CrtSetDumpClient          000000014000d710 f   libucrtd:debug_heap.obj
 0001:0000c740       __acrt_get_locale_data_prefix 000000014000d740 f i libucrtd:debug_heap.obj
 0001:0000c760       __acrt_locale_changed      000000014000d760 f i libucrtd:debug_heap.obj
 0001:0000c790       _calloc_dbg                000000014000d790 f   libucrtd:debug_heap.obj
 0001:0000c830       _chvalidchk_l              000000014000d830 f i libucrtd:debug_heap.obj
 0001:0000c860       _free_dbg                  000000014000d860 f   libucrtd:debug_heap.obj
 0001:0000c8d0       _invoke_watson_if_oneof    000000014000d8d0 f i libucrtd:debug_heap.obj
 0001:0000c930       _ischartype_l              000000014000d930 f i libucrtd:debug_heap.obj
 0001:0000c9c0       _malloc_dbg                000000014000d9c0 f   libucrtd:debug_heap.obj
 0001:0000ca00       _msize_dbg                 000000014000da00 f   libucrtd:debug_heap.obj
 0001:0000cba0       _realloc_dbg               000000014000dba0 f   libucrtd:debug_heap.obj
 0001:0000cc10       _recalloc_dbg              000000014000dc10 f   libucrtd:debug_heap.obj
 0001:0000d1e0       strcpy_s                   000000014000e1e0 f   libucrtd:strcpy_s.obj
 0001:0000d220       strcmp                     000000014000e220 f   libucrtd:strcmp.obj
 0001:0000d2a0       strlen                     000000014000e2a0 f   libucrtd:strlen.obj
 0001:0000d350       abort                      000000014000e350 f   libucrtd:abort.obj
 0001:0000d3d0       ??$?0AEBV?$string_output_adapter@D@__crt_stdio_output@@AEB_KAEBQEBDAEBQEAU__crt_locale_pointers@@AEBQEAD@?$format_validation_base@DV?$string_output_adapter@D@__crt_stdio_output@@@__crt_stdio_output@@IEAA@AEBV?$string_output_adapter@D@1@AEB_KAEBQEBDAEBQEAU__crt_locale_pointers@@AEBQEAD@Z 000000014000e3d0 f i libucrtd:output.obj
 0001:0000d420       ??$?0AEBV?$string_output_adapter@D@__crt_stdio_output@@AEB_KAEBQEBDAEBQEAU__crt_locale_pointers@@AEBQEAD@?$standard_base@DV?$string_output_adapter@D@__crt_stdio_output@@@__crt_stdio_output@@IEAA@AEBV?$string_output_adapter@D@1@AEB_KAEBQEBDAEBQEAU__crt_locale_pointers@@AEBQEAD@Z 000000014000e420 f i libucrtd:output.obj
 0001:0000d490       ??$?0AEBV?$string_output_adapter@_W@__crt_stdio_output@@AEB_KAEBQEB_WAEBQEAU__crt_locale_pointers@@AEBQEAD@?$format_validation_base@_WV?$string_output_adapter@_W@__crt_stdio_output@@@__crt_stdio_output@@IEAA@AEBV?$string_output_adapter@_W@1@AEB_KAEBQEB_WAEBQEAU__crt_locale_pointers@@AEBQEAD@Z 000000014000e490 f i libucrtd:output.obj
 0001:0000d4e0       ??$?0AEBV?$string_output_adapter@_W@__crt_stdio_output@@AEB_KAEBQEB_WAEBQEAU__crt_locale_pointers@@AEBQEAD@?$standard_base@_WV?$string_output_adapter@_W@__crt_stdio_output@@@__crt_stdio_output@@IEAA@AEBV?$string_output_adapter@_W@1@AEB_KAEBQEB_WAEBQEAU__crt_locale_pointers@@AEBQEAD@Z 000000014000e4e0 f i libucrtd:output.obj
 0001:0000ee60       ??$count@D@formatting_buffer@__crt_stdio_output@@QEBA_KXZ 000000014000fe60 f i libucrtd:output.obj
 0001:0000eeb0       ??$count@_W@formatting_buffer@__crt_stdio_output@@QEBA_KXZ 000000014000feb0 f i libucrtd:output.obj
 0001:0000ef00       ??$data@_W@formatting_buffer@__crt_stdio_output@@QEAAPEA_WXZ 000000014000ff00 f i libucrtd:output.obj
 0001:0000ef00       ??$data@D@formatting_buffer@__crt_stdio_output@@QEAAPEADXZ 000000014000ff00 f i libucrtd:output.obj
 0001:0000ef50       ??$ensure_buffer_is_big_enough@D@formatting_buffer@__crt_stdio_output@@QEAA_N_K@Z 000000014000ff50 f i libucrtd:output.obj
 0001:0000f080       ??$ensure_buffer_is_big_enough@_W@formatting_buffer@__crt_stdio_output@@QEAA_N_K@Z 0000000140010080 f i libucrtd:output.obj
 0001:0000f1b0       ??$extract_argument_from_va_list@C_J@?$standard_base@DV?$string_output_adapter@D@__crt_stdio_output@@@__crt_stdio_output@@IEAA_NAEA_J@Z 00000001400101b0 f i libucrtd:output.obj
 0001:0000f1b0       ??$extract_argument_from_va_list@C_J@?$standard_base@_WV?$string_output_adapter@_W@__crt_stdio_output@@@__crt_stdio_output@@IEAA_NAEA_J@Z 00000001400101b0 f i libucrtd:output.obj
 0001:0000f1f0       ??$extract_argument_from_va_list@E_J@?$standard_base@DV?$string_output_adapter@D@__crt_stdio_output@@@__crt_stdio_output@@IEAA_NAEA_J@Z 00000001400101f0 f i libucrtd:output.obj
 0001:0000f1f0       ??$extract_argument_from_va_list@E_J@?$standard_base@_WV?$string_output_adapter@_W@__crt_stdio_output@@@__crt_stdio_output@@IEAA_NAEA_J@Z 00000001400101f0 f i libucrtd:output.obj
 0001:0000f230       ??$extract_argument_from_va_list@F_J@?$standard_base@DV?$string_output_adapter@D@__crt_stdio_output@@@__crt_stdio_output@@IEAA_NAEA_J@Z 0000000140010230 f i libucrtd:output.obj
 0001:0000f230       ??$extract_argument_from_va_list@F_J@?$standard_base@_WV?$string_output_adapter@_W@__crt_stdio_output@@@__crt_stdio_output@@IEAA_NAEA_J@Z 0000000140010230 f i libucrtd:output.obj
 0001:0000f270       ??$extract_argument_from_va_list@GD@?$standard_base@DV?$string_output_adapter@D@__crt_stdio_output@@@__crt_stdio_output@@IEAA_NAEAD@Z 0000000140010270 f i libucrtd:output.obj
 0001:0000f2a0       ??$extract_argument_from_va_list@G_J@?$standard_base@_WV?$string_output_adapter@_W@__crt_stdio_output@@@__crt_stdio_output@@IEAA_NAEA_J@Z 00000001400102a0 f i libucrtd:output.obj
 0001:0000f2a0       ??$extract_argument_from_va_list@G_J@?$standard_base@DV?$string_output_adapter@D@__crt_stdio_output@@@__crt_stdio_output@@IEAA_NAEA_J@Z 00000001400102a0 f i libucrtd:output.obj
 0001:0000f2e0       ??$extract_argument_from_va_list@H_J@?$standard_base@_WV?$string_output_adapter@_W@__crt_stdio_output@@@__crt_stdio_output@@IEAA_NAEA_J@Z 00000001400102e0 f i libucrtd:output.obj
 0001:0000f2e0       ??$extract_argument_from_va_list@H_J@?$standard_base@DV?$string_output_adapter@D@__crt_stdio_output@@@__crt_stdio_output@@IEAA_NAEA_J@Z 00000001400102e0 f i libucrtd:output.obj
 0001:0000f310       ??$extract_argument_from_va_list@I_J@?$standard_base@DV?$string_output_adapter@D@__crt_stdio_output@@@__crt_stdio_output@@IEAA_NAEA_J@Z 0000000140010310 f i libucrtd:output.obj
 0001:0000f310       ??$extract_argument_from_va_list@I_J@?$standard_base@_WV?$string_output_adapter@_W@__crt_stdio_output@@@__crt_stdio_output@@IEAA_NAEA_J@Z 0000000140010310 f i libucrtd:output.obj
 0001:0000f340       ??$extract_argument_from_va_list@PEADPEAD@?$standard_base@_WV?$string_output_adapter@_W@__crt_stdio_output@@@__crt_stdio_output@@IEAA_NAEAPEAD@Z 0000000140010340 f i libucrtd:output.obj
 0001:0000f340       ??$extract_argument_from_va_list@_J_J@?$standard_base@DV?$string_output_adapter@D@__crt_stdio_output@@@__crt_stdio_output@@IEAA_NAEA_J@Z 0000000140010340 f i libucrtd:output.obj
 0001:0000f340       ??$extract_argument_from_va_list@PEAXPEAX@?$standard_base@DV?$string_output_adapter@D@__crt_stdio_output@@@__crt_stdio_output@@IEAA_NAEAPEAX@Z 0000000140010340 f i libucrtd:output.obj
 0001:0000f340       ??$extract_argument_from_va_list@_K_J@?$standard_base@_WV?$string_output_adapter@_W@__crt_stdio_output@@@__crt_stdio_output@@IEAA_NAEA_J@Z 0000000140010340 f i libucrtd:output.obj
 0001:0000f340       ??$extract_argument_from_va_list@_J_J@?$standard_base@_WV?$string_output_adapter@_W@__crt_stdio_output@@@__crt_stdio_output@@IEAA_NAEA_J@Z 0000000140010340 f i libucrtd:output.obj
 0001:0000f340       ??$extract_argument_from_va_list@_K_J@?$standard_base@DV?$string_output_adapter@D@__crt_stdio_output@@@__crt_stdio_output@@IEAA_NAEA_J@Z 0000000140010340 f i libucrtd:output.obj
 0001:0000f340       ??$extract_argument_from_va_list@PEADPEAD@?$standard_base@DV?$string_output_adapter@D@__crt_stdio_output@@@__crt_stdio_output@@IEAA_NAEAPEAD@Z 0000000140010340 f i libucrtd:output.obj
 0001:0000f340       ??$extract_argument_from_va_list@PEAXPEAX@?$standard_base@_WV?$string_output_adapter@_W@__crt_stdio_output@@@__crt_stdio_output@@IEAA_NAEAPEAX@Z 0000000140010340 f i libucrtd:output.obj
 0001:0000f3a0       ??$extract_argument_from_va_list@U_CRT_DOUBLE@@U1@@?$standard_base@DV?$string_output_adapter@D@__crt_stdio_output@@@__crt_stdio_output@@IEAA_NAEAU_CRT_DOUBLE@@@Z 00000001400103a0 f i libucrtd:output.obj
 0001:0000f3a0       ??$extract_argument_from_va_list@U_CRT_DOUBLE@@U1@@?$standard_base@_WV?$string_output_adapter@_W@__crt_stdio_output@@@__crt_stdio_output@@IEAA_NAEAU_CRT_DOUBLE@@@Z 00000001400103a0 f i libucrtd:output.obj
 0001:0000f3f0       ??$extract_argument_from_va_list@_W_W@?$standard_base@_WV?$string_output_adapter@_W@__crt_stdio_output@@@__crt_stdio_output@@IEAA_NAEA_W@Z 00000001400103f0 f i libucrtd:output.obj
 0001:0000f3f0       ??$extract_argument_from_va_list@_W_W@?$standard_base@DV?$string_output_adapter@D@__crt_stdio_output@@@__crt_stdio_output@@IEAA_NAEA_W@Z 00000001400103f0 f i libucrtd:output.obj
 0001:0000f420       ??$is_wide_character_specifier@D@__crt_stdio_output@@YA_N_KDW4length_modifier@0@@Z 0000000140010420 f i libucrtd:output.obj
 0001:0000f4c0       ??$is_wide_character_specifier@_W@__crt_stdio_output@@YA_N_K_WW4length_modifier@0@@Z 00000001400104c0 f i libucrtd:output.obj
 0001:0000f590       ??$read_va_arg@E@__crt_stdio_output@@YAEAEAPEAD@Z 0000000140010590 f i libucrtd:output.obj
 0001:0000f590       ??$read_va_arg@C@__crt_stdio_output@@YACAEAPEAD@Z 0000000140010590 f i libucrtd:output.obj
 0001:0000f600       ??$read_va_arg@F@__crt_stdio_output@@YAFAEAPEAD@Z 0000000140010600 f i libucrtd:output.obj
 0001:0000f600       ??$read_va_arg@G@__crt_stdio_output@@YAGAEAPEAD@Z 0000000140010600 f i libucrtd:output.obj
 0001:0000f600       ??$read_va_arg@_W@__crt_stdio_output@@YA_WAEAPEAD@Z 0000000140010600 f i libucrtd:output.obj
 0001:0000f670       ??$read_va_arg@I@__crt_stdio_output@@YAIAEAPEAD@Z 0000000140010670 f i libucrtd:output.obj
 0001:0000f670       ??$read_va_arg@H@__crt_stdio_output@@YAHAEAPEAD@Z 0000000140010670 f i libucrtd:output.obj
 0001:0000f6d0       ??$read_va_arg@U_CRT_DOUBLE@@@__crt_stdio_output@@YA?AU_CRT_DOUBLE@@AEAPEAD@Z 00000001400106d0 f i libucrtd:output.obj
 0001:0000f6d0       ??$read_va_arg@PEAX@__crt_stdio_output@@YAPEAXAEAPEAD@Z 00000001400106d0 f i libucrtd:output.obj
 0001:0000f6d0       ??$read_va_arg@PEAD@__crt_stdio_output@@YAPEADAEAPEAD@Z 00000001400106d0 f i libucrtd:output.obj
 0001:0000f6d0       ??$read_va_arg@_K@__crt_stdio_output@@YA_KAEAPEAD@Z 00000001400106d0 f i libucrtd:output.obj
 0001:0000f6d0       ??$read_va_arg@_J@__crt_stdio_output@@YA_JAEAPEAD@Z 00000001400106d0 f i libucrtd:output.obj
 0001:0000f7b0       ??$scratch_count@D@formatting_buffer@__crt_stdio_output@@QEBA_KXZ 00000001400107b0 f i libucrtd:output.obj
 0001:0000f7d0       ??$scratch_data@D@formatting_buffer@__crt_stdio_output@@QEAAPEADXZ 00000001400107d0 f i libucrtd:output.obj
 0001:0000f840       ??$tcstol@PEBDPEAPEADH@?$__crt_char_traits@D@@SAJ$$QEAPEBD$$QEAPEAPEAD$$QEAH@Z 0000000140010840 f i libucrtd:output.obj
 0001:0000f880       ??$tcstol@PEB_WPEAPEA_WH@?$__crt_char_traits@_W@@SAJ$$QEAPEB_W$$QEAPEAPEA_W$$QEAH@Z 0000000140010880 f i libucrtd:output.obj
 0001:0000f8c0       ??$type_case_integer_parse_into_buffer@I@?$output_processor@DV?$string_output_adapter@D@__crt_stdio_output@@V?$format_validation_base@DV?$string_output_adapter@D@__crt_stdio_output@@@2@@__crt_stdio_output@@AEAAXII_N@Z 00000001400108c0 f i libucrtd:output.obj
 0001:0000f9f0       ??$type_case_integer_parse_into_buffer@I@?$output_processor@_WV?$string_output_adapter@_W@__crt_stdio_output@@V?$format_validation_base@_WV?$string_output_adapter@_W@__crt_stdio_output@@@2@@__crt_stdio_output@@AEAAXII_N@Z 00000001400109f0 f i libucrtd:output.obj
 0001:0000fb30       ??$type_case_integer_parse_into_buffer@_K@?$output_processor@DV?$string_output_adapter@D@__crt_stdio_output@@V?$format_validation_base@DV?$string_output_adapter@D@__crt_stdio_output@@@2@@__crt_stdio_output@@AEAAX_KI_N@Z 0000000140010b30 f i libucrtd:output.obj
 0001:0000fc80       ??$type_case_integer_parse_into_buffer@_K@?$output_processor@_WV?$string_output_adapter@_W@__crt_stdio_output@@V?$format_validation_base@_WV?$string_output_adapter@_W@__crt_stdio_output@@@2@@__crt_stdio_output@@AEAAX_KI_N@Z 0000000140010c80 f i libucrtd:output.obj
 0001:0000fde0       ??$write_multiple_characters@V?$string_output_adapter@D@__crt_stdio_output@@D@__crt_stdio_output@@YAXAEBV?$string_output_adapter@D@0@DHQEAH@Z 0000000140010de0 f i libucrtd:output.obj
 0001:0000fe40       ??$write_multiple_characters@V?$string_output_adapter@_W@__crt_stdio_output@@D@__crt_stdio_output@@YAXAEBV?$string_output_adapter@_W@0@DHQEAH@Z 0000000140010e40 f i libucrtd:output.obj
 0001:0000fea0       ??0?$common_data@D@__crt_stdio_output@@IEAA@XZ 0000000140010ea0 f i libucrtd:output.obj
 0001:0000ff70       ??0?$common_data@_W@__crt_stdio_output@@IEAA@XZ 0000000140010f70 f i libucrtd:output.obj
 0001:00010040       ??0?$output_adapter_data@DV?$string_output_adapter@D@__crt_stdio_output@@@__crt_stdio_output@@IEAA@AEBV?$string_output_adapter@D@1@_KQEBDQEAU__crt_locale_pointers@@QEAD@Z 0000000140011040 f i libucrtd:output.obj
 0001:000100c0       ??0?$output_adapter_data@_WV?$string_output_adapter@_W@__crt_stdio_output@@@__crt_stdio_output@@IEAA@AEBV?$string_output_adapter@_W@1@_KQEB_WQEAU__crt_locale_pointers@@QEAD@Z 00000001400110c0 f i libucrtd:output.obj
 0001:00010140       ??0?$output_processor@DV?$string_output_adapter@D@__crt_stdio_output@@V?$format_validation_base@DV?$string_output_adapter@D@__crt_stdio_output@@@2@@__crt_stdio_output@@QEAA@AEBV?$string_output_adapter@D@1@_KQEBDQEAU__crt_locale_pointers@@QEAD@Z 0000000140011140 f i libucrtd:output.obj
 0001:00010190       ??0?$output_processor@_WV?$string_output_adapter@_W@__crt_stdio_output@@V?$format_validation_base@_WV?$string_output_adapter@_W@__crt_stdio_output@@@2@@__crt_stdio_output@@QEAA@AEBV?$string_output_adapter@_W@1@_KQEB_WQEAU__crt_locale_pointers@@QEAD@Z 0000000140011190 f i libucrtd:output.obj
 0001:000101e0       ??0__crt_deferred_errno_cache@@QEAA@XZ 00000001400111e0 f i libucrtd:output.obj
 0001:00010200       ??0__crt_errno_guard@@QEAA@QEAH@Z 0000000140011200 f i libucrtd:output.obj
 0001:00010240       ??0formatting_buffer@__crt_stdio_output@@QEAA@XZ 0000000140011240 f i libucrtd:output.obj
 0001:00010280       ??1?$common_data@D@__crt_stdio_output@@QEAA@XZ 0000000140011280 f i libucrtd:output.obj
 0001:00010280       ??1?$common_data@_W@__crt_stdio_output@@QEAA@XZ 0000000140011280 f i libucrtd:output.obj
 0001:000102a0       ??1?$format_validation_base@_WV?$string_output_adapter@_W@__crt_stdio_output@@@__crt_stdio_output@@QEAA@XZ 00000001400112a0 f i libucrtd:output.obj
 0001:000102a0       ??1?$format_validation_base@DV?$string_output_adapter@D@__crt_stdio_output@@@__crt_stdio_output@@QEAA@XZ 00000001400112a0 f i libucrtd:output.obj
 0001:000102c0       ??1?$output_adapter_data@DV?$string_output_adapter@D@__crt_stdio_output@@@__crt_stdio_output@@QEAA@XZ 00000001400112c0 f i libucrtd:output.obj
 0001:000102c0       ??1?$output_adapter_data@_WV?$string_output_adapter@_W@__crt_stdio_output@@@__crt_stdio_output@@QEAA@XZ 00000001400112c0 f i libucrtd:output.obj
 0001:000102e0       ??1?$output_processor@_WV?$string_output_adapter@_W@__crt_stdio_output@@V?$format_validation_base@_WV?$string_output_adapter@_W@__crt_stdio_output@@@2@@__crt_stdio_output@@QEAA@XZ 00000001400112e0 f i libucrtd:output.obj
 0001:000102e0       ??1?$output_processor@DV?$string_output_adapter@D@__crt_stdio_output@@V?$format_validation_base@DV?$string_output_adapter@D@__crt_stdio_output@@@2@@__crt_stdio_output@@QEAA@XZ 00000001400112e0 f i libucrtd:output.obj
 0001:00010300       ??1?$standard_base@_WV?$string_output_adapter@_W@__crt_stdio_output@@@__crt_stdio_output@@QEAA@XZ 0000000140011300 f i libucrtd:output.obj
 0001:00010300       ??1?$standard_base@DV?$string_output_adapter@D@__crt_stdio_output@@@__crt_stdio_output@@QEAA@XZ 0000000140011300 f i libucrtd:output.obj
 0001:00010320       ??1__crt_errno_guard@@QEAA@XZ 0000000140011320 f i libucrtd:output.obj
 0001:00010350       ??1formatting_buffer@__crt_stdio_output@@QEAA@XZ 0000000140011350 f i libucrtd:output.obj
 0001:00010380       ??4?$__crt_unique_heap_ptr@DU__crt_internal_free_policy@@@@QEAAAEAV0@$$QEAV0@@Z 0000000140011380 f i libucrtd:output.obj
 0001:000103c0       ?adjust_hexit@?$output_processor@DV?$string_output_adapter@D@__crt_stdio_output@@V?$format_validation_base@DV?$string_output_adapter@D@__crt_stdio_output@@@2@@__crt_stdio_output@@CADH_N@Z 00000001400113c0 f i libucrtd:output.obj
 0001:000103c0       ?adjust_hexit@?$output_processor@_WV?$string_output_adapter@_W@__crt_stdio_output@@V?$format_validation_base@_WV?$string_output_adapter@_W@__crt_stdio_output@@@2@@__crt_stdio_output@@CADH_N@Z 00000001400113c0 f i libucrtd:output.obj
 0001:00010410       ?advance_to_next_pass@?$standard_base@DV?$string_output_adapter@D@__crt_stdio_output@@@__crt_stdio_output@@IEAA_NXZ 0000000140011410 f i libucrtd:output.obj
 0001:00010410       ?advance_to_next_pass@?$standard_base@_WV?$string_output_adapter@_W@__crt_stdio_output@@@__crt_stdio_output@@IEAA_NXZ 0000000140011410 f i libucrtd:output.obj
 0001:00010460       ?crop_zeroes@__crt_stdio_output@@YAXPEADQEAU__crt_locale_pointers@@@Z 0000000140011460 f i libucrtd:output.obj
 0001:000105a0       ?find_next_state@?$output_processor@DV?$string_output_adapter@D@__crt_stdio_output@@V?$format_validation_base@DV?$string_output_adapter@D@__crt_stdio_output@@@2@@__crt_stdio_output@@AEBA?AW4state@2@DW432@@Z 00000001400115a0 f i libucrtd:output.obj
 0001:00010640       ?find_next_state@?$output_processor@_WV?$string_output_adapter@_W@__crt_stdio_output@@V?$format_validation_base@_WV?$string_output_adapter@_W@__crt_stdio_output@@@2@@__crt_stdio_output@@AEBA?AW4state@2@_WW432@@Z 0000000140011640 f i libucrtd:output.obj
 0001:000106e0       ?force_decimal_point@__crt_stdio_output@@YAXPEADQEAU__crt_locale_pointers@@@Z 00000001400116e0 f i libucrtd:output.obj
 0001:000107e0       ?get@__crt_deferred_errno_cache@@QEAAAEAHXZ 00000001400117e0 f i libucrtd:output.obj
 0001:00010810       ?get_flags@__crt_stdio_stream@@QEBAJXZ 0000000140011810 f i libucrtd:output.obj
 0001:00010840       ?has_flag@?$output_processor@_WV?$string_output_adapter@_W@__crt_stdio_output@@V?$format_validation_base@_WV?$string_output_adapter@_W@__crt_stdio_output@@@2@@__crt_stdio_output@@AEBA_NI@Z 0000000140011840 f i libucrtd:output.obj
 0001:00010840       ?has_flag@?$output_processor@DV?$string_output_adapter@D@__crt_stdio_output@@V?$format_validation_base@DV?$string_output_adapter@D@__crt_stdio_output@@@2@@__crt_stdio_output@@AEBA_NI@Z 0000000140011840 f i libucrtd:output.obj
 0001:00010880       ?is_string_backed@__crt_stdio_stream@@QEBA_NXZ 0000000140011880 f i libucrtd:output.obj
 0001:000108c0       ?narrow_null_string@?$output_processor@DV?$string_output_adapter@D@__crt_stdio_output@@V?$format_validation_base@DV?$string_output_adapter@D@__crt_stdio_output@@@2@@__crt_stdio_output@@CAPEADXZ 00000001400118c0 f i libucrtd:output.obj
 0001:000108c0       ?narrow_null_string@?$output_processor@_WV?$string_output_adapter@_W@__crt_stdio_output@@V?$format_validation_base@_WV?$string_output_adapter@_W@__crt_stdio_output@@@2@@__crt_stdio_output@@CAPEADXZ 00000001400118c0 f i libucrtd:output.obj
 0001:000108d0       ?parse_int_from_format_string@?$output_processor@DV?$string_output_adapter@D@__crt_stdio_output@@V?$format_validation_base@DV?$string_output_adapter@D@__crt_stdio_output@@@2@@__crt_stdio_output@@AEAA_NQEAH@Z 00000001400118d0 f i libucrtd:output.obj
 0001:000109c0       ?parse_int_from_format_string@?$output_processor@_WV?$string_output_adapter@_W@__crt_stdio_output@@V?$format_validation_base@_WV?$string_output_adapter@_W@__crt_stdio_output@@@2@@__crt_stdio_output@@AEAA_NQEAH@Z 00000001400119c0 f i libucrtd:output.obj
 0001:00010ab0       ?process@?$output_processor@DV?$string_output_adapter@D@__crt_stdio_output@@V?$format_validation_base@DV?$string_output_adapter@D@__crt_stdio_output@@@2@@__crt_stdio_output@@QEAAHXZ 0000000140011ab0 f i libucrtd:output.obj
 0001:00010e10       ?process@?$output_processor@_WV?$string_output_adapter@_W@__crt_stdio_output@@V?$format_validation_base@_WV?$string_output_adapter@_W@__crt_stdio_output@@@2@@__crt_stdio_output@@QEAAHXZ 0000000140011e10 f i libucrtd:output.obj
 0001:00011170       ?set_flag@?$output_processor@DV?$string_output_adapter@D@__crt_stdio_output@@V?$format_validation_base@DV?$string_output_adapter@D@__crt_stdio_output@@@2@@__crt_stdio_output@@AEAAXI@Z 0000000140012170 f i libucrtd:output.obj
 0001:00011170       ?set_flag@?$output_processor@_WV?$string_output_adapter@_W@__crt_stdio_output@@V?$format_validation_base@_WV?$string_output_adapter@_W@__crt_stdio_output@@@2@@__crt_stdio_output@@AEAAXI@Z 0000000140012170 f i libucrtd:output.obj
 0001:00011190       ?validate_and_update_state_at_beginning_of_format_character@?$standard_base@DV?$string_output_adapter@D@__crt_stdio_output@@@__crt_stdio_output@@IEAA_NXZ 0000000140012190 f i libucrtd:output.obj
 0001:00011190       ?validate_and_update_state_at_beginning_of_format_character@?$standard_base@_WV?$string_output_adapter@_W@__crt_stdio_output@@@__crt_stdio_output@@IEAA_NXZ 0000000140012190 f i libucrtd:output.obj
 0001:00011190       ?validate_state_for_type_case_a@?$standard_base@DV?$string_output_adapter@D@__crt_stdio_output@@@__crt_stdio_output@@IEBA_NXZ 0000000140012190 f i libucrtd:output.obj
 0001:00011190       ?validate_state_for_type_case_a@?$standard_base@_WV?$string_output_adapter@_W@__crt_stdio_output@@@__crt_stdio_output@@IEBA_NXZ 0000000140012190 f i libucrtd:output.obj
 0001:00011190       ?should_format@?$standard_base@_WV?$string_output_adapter@_W@__crt_stdio_output@@@__crt_stdio_output@@IEAA_NXZ 0000000140012190 f i libucrtd:output.obj
 0001:00011190       ?should_format@?$standard_base@DV?$string_output_adapter@D@__crt_stdio_output@@@__crt_stdio_output@@IEAA_NXZ 0000000140012190 f i libucrtd:output.obj
 0001:000111a0       ?should_skip_normal_state_processing@?$standard_base@DV?$string_output_adapter@D@__crt_stdio_output@@@__crt_stdio_output@@IEAA_NXZ 00000001400121a0 f i libucrtd:output.obj
 0001:000111a0       ?should_skip_type_state_output@?$standard_base@_WV?$string_output_adapter@_W@__crt_stdio_output@@@__crt_stdio_output@@IEBA_NXZ 00000001400121a0 f i libucrtd:output.obj
 0001:000111a0       ?should_skip_type_state_output@?$standard_base@DV?$string_output_adapter@D@__crt_stdio_output@@@__crt_stdio_output@@IEBA_NXZ 00000001400121a0 f i libucrtd:output.obj
 0001:000111a0       ?should_skip_normal_state_processing@?$standard_base@_WV?$string_output_adapter@_W@__crt_stdio_output@@@__crt_stdio_output@@IEAA_NXZ 00000001400121a0 f i libucrtd:output.obj
 0001:000111b0       ?state_case_dot@?$output_processor@DV?$string_output_adapter@D@__crt_stdio_output@@V?$format_validation_base@DV?$string_output_adapter@D@__crt_stdio_output@@@2@@__crt_stdio_output@@AEAA_NXZ 00000001400121b0 f i libucrtd:output.obj
 0001:000111b0       ?state_case_dot@?$output_processor@_WV?$string_output_adapter@_W@__crt_stdio_output@@V?$format_validation_base@_WV?$string_output_adapter@_W@__crt_stdio_output@@@2@@__crt_stdio_output@@AEAA_NXZ 00000001400121b0 f i libucrtd:output.obj
 0001:000111d0       ?state_case_flag@?$output_processor@DV?$string_output_adapter@D@__crt_stdio_output@@V?$format_validation_base@DV?$string_output_adapter@D@__crt_stdio_output@@@2@@__crt_stdio_output@@AEAA_NXZ 00000001400121d0 f i libucrtd:output.obj
 0001:00011270       ?state_case_flag@?$output_processor@_WV?$string_output_adapter@_W@__crt_stdio_output@@V?$format_validation_base@_WV?$string_output_adapter@_W@__crt_stdio_output@@@2@@__crt_stdio_output@@AEAA_NXZ 0000000140012270 f i libucrtd:output.obj
 0001:00011310       ?state_case_normal@?$output_processor@DV?$string_output_adapter@D@__crt_stdio_output@@V?$format_validation_base@DV?$string_output_adapter@D@__crt_stdio_output@@@2@@__crt_stdio_output@@AEAA_NXZ 0000000140012310 f i libucrtd:output.obj
 0001:000113f0       ?state_case_normal@?$output_processor@_WV?$string_output_adapter@_W@__crt_stdio_output@@V?$format_validation_base@_WV?$string_output_adapter@_W@__crt_stdio_output@@@2@@__crt_stdio_output@@AEAA_NXZ 00000001400123f0 f i libucrtd:output.obj
 0001:000114d0       ?state_case_normal_common@?$output_processor@DV?$string_output_adapter@D@__crt_stdio_output@@V?$format_validation_base@DV?$string_output_adapter@D@__crt_stdio_output@@@2@@__crt_stdio_output@@AEAA_NXZ 00000001400124d0 f i libucrtd:output.obj
 0001:00011520       ?state_case_normal_common@?$output_processor@_WV?$string_output_adapter@_W@__crt_stdio_output@@V?$format_validation_base@_WV?$string_output_adapter@_W@__crt_stdio_output@@@2@@__crt_stdio_output@@AEAA_NXZ 0000000140012520 f i libucrtd:output.obj
 0001:00011570       ?state_case_normal_tchar@?$output_processor@DV?$string_output_adapter@D@__crt_stdio_output@@V?$format_validation_base@DV?$string_output_adapter@D@__crt_stdio_output@@@2@@__crt_stdio_output@@AEAA_ND@Z 0000000140012570 f i libucrtd:output.obj
 0001:000116b0       ?state_case_normal_tchar@?$output_processor@_WV?$string_output_adapter@_W@__crt_stdio_output@@V?$format_validation_base@_WV?$string_output_adapter@_W@__crt_stdio_output@@@2@@__crt_stdio_output@@AEAA_N_W@Z 00000001400126b0 f i libucrtd:output.obj
 0001:000116d0       ?state_case_percent@?$output_processor@_WV?$string_output_adapter@_W@__crt_stdio_output@@V?$format_validation_base@_WV?$string_output_adapter@_W@__crt_stdio_output@@@2@@__crt_stdio_output@@AEAA_NXZ 00000001400126d0 f i libucrtd:output.obj
 0001:000116d0       ?state_case_percent@?$output_processor@DV?$string_output_adapter@D@__crt_stdio_output@@V?$format_validation_base@DV?$string_output_adapter@D@__crt_stdio_output@@@2@@__crt_stdio_output@@AEAA_NXZ 00000001400126d0 f i libucrtd:output.obj
 0001:00011720       ?state_case_precision@?$output_processor@DV?$string_output_adapter@D@__crt_stdio_output@@V?$format_validation_base@DV?$string_output_adapter@D@__crt_stdio_output@@@2@@__crt_stdio_output@@AEAA_NXZ 0000000140012720 f i libucrtd:output.obj
 0001:000117a0       ?state_case_precision@?$output_processor@_WV?$string_output_adapter@_W@__crt_stdio_output@@V?$format_validation_base@_WV?$string_output_adapter@_W@__crt_stdio_output@@@2@@__crt_stdio_output@@AEAA_NXZ 00000001400127a0 f i libucrtd:output.obj
 0001:00011820       ?state_case_size@?$output_processor@DV?$string_output_adapter@D@__crt_stdio_output@@V?$format_validation_base@DV?$string_output_adapter@D@__crt_stdio_output@@@2@@__crt_stdio_output@@AEAA_NXZ 0000000140012820 f i libucrtd:output.obj
 0001:00011ca0       ?state_case_size@?$output_processor@_WV?$string_output_adapter@_W@__crt_stdio_output@@V?$format_validation_base@_WV?$string_output_adapter@_W@__crt_stdio_output@@@2@@__crt_stdio_output@@AEAA_NXZ 0000000140012ca0 f i libucrtd:output.obj
 0001:00012120       ?state_case_type@?$output_processor@DV?$string_output_adapter@D@__crt_stdio_output@@V?$format_validation_base@DV?$string_output_adapter@D@__crt_stdio_output@@@2@@__crt_stdio_output@@AEAA_NXZ 0000000140013120 f i libucrtd:output.obj
 0001:000125c0       ?state_case_type@?$output_processor@_WV?$string_output_adapter@_W@__crt_stdio_output@@V?$format_validation_base@_WV?$string_output_adapter@_W@__crt_stdio_output@@@2@@__crt_stdio_output@@AEAA_NXZ 00000001400135c0 f i libucrtd:output.obj
 0001:00012b20       ?state_case_width@?$output_processor@DV?$string_output_adapter@D@__crt_stdio_output@@V?$format_validation_base@DV?$string_output_adapter@D@__crt_stdio_output@@@2@@__crt_stdio_output@@AEAA_NXZ 0000000140013b20 f i libucrtd:output.obj
 0001:00012bb0       ?state_case_width@?$output_processor@_WV?$string_output_adapter@_W@__crt_stdio_output@@V?$format_validation_base@_WV?$string_output_adapter@_W@__crt_stdio_output@@@2@@__crt_stdio_output@@AEAA_NXZ 0000000140013bb0 f i libucrtd:output.obj
 0001:00012c40       ?state_count@?$format_validation_base@_WV?$string_output_adapter@_W@__crt_stdio_output@@@__crt_stdio_output@@KAIXZ 0000000140013c40 f i libucrtd:output.obj
 0001:00012c40       ?state_count@?$format_validation_base@DV?$string_output_adapter@D@__crt_stdio_output@@@__crt_stdio_output@@KAIXZ 0000000140013c40 f i libucrtd:output.obj
 0001:00012c50       ?state_transition_table@?$format_validation_base@_WV?$string_output_adapter@_W@__crt_stdio_output@@@__crt_stdio_output@@KAPEBEXZ 0000000140013c50 f i libucrtd:output.obj
 0001:00012c50       ?state_transition_table@?$format_validation_base@DV?$string_output_adapter@D@__crt_stdio_output@@@__crt_stdio_output@@KAPEBEXZ 0000000140013c50 f i libucrtd:output.obj
 0001:00012c60       ?tchar_string@?$common_data@D@__crt_stdio_output@@IEAAAEAPEADD@Z 0000000140013c60 f i libucrtd:output.obj
 0001:00012c80       ?tchar_string@?$common_data@D@__crt_stdio_output@@IEAAAEAPEADXZ 0000000140013c80 f i libucrtd:output.obj
 0001:00012ca0       ?tchar_string@?$common_data@_W@__crt_stdio_output@@IEAAAEAPEA_WXZ 0000000140013ca0 f i libucrtd:output.obj
 0001:00012cc0       ?tchar_string@?$common_data@_W@__crt_stdio_output@@IEAAAEAPEA_W_W@Z 0000000140013cc0 f i libucrtd:output.obj
 0001:00012ce0       ?to_integer_size@__crt_stdio_output@@YA_KW4length_modifier@1@@Z 0000000140013ce0 f i libucrtd:output.obj
 0001:00012d90       ?type_case_X@?$output_processor@DV?$string_output_adapter@D@__crt_stdio_output@@V?$format_validation_base@DV?$string_output_adapter@D@__crt_stdio_output@@@2@@__crt_stdio_output@@AEAA_NXZ 0000000140013d90 f i libucrtd:output.obj
 0001:00012db0       ?type_case_X@?$output_processor@_WV?$string_output_adapter@_W@__crt_stdio_output@@V?$format_validation_base@_WV?$string_output_adapter@_W@__crt_stdio_output@@@2@@__crt_stdio_output@@AEAA_NXZ 0000000140013db0 f i libucrtd:output.obj
[...]
 0004:000026d0       $pdata$??0big_integer@__crt_strtox@@QEAA@AEBU01@@Z 00000001400526d0     libucrtd:cfout.obj
 0004:000026d0       $pdata$??4big_integer@__crt_strtox@@QEAAAEAU01@AEBU01@@Z 00000001400526d0     libucrtd:cfout.obj
 0004:000026dc       $pdata$??8__crt_strtox@@YA_NAEBUbig_integer@0@0@Z 00000001400526dc     libucrtd:cfout.obj
 0004:000026e8       $pdata$??9__crt_strtox@@YA_NAEBUbig_integer@0@0@Z 00000001400526e8     libucrtd:cfout.obj
 0004:000026f4       $pdata$?make_big_integer@__crt_strtox@@YA?AUbig_integer@1@_K@Z 00000001400526f4     libucrtd:cfout.obj
 0004:00002700       $pdata$?make_big_integer_power_of_two@__crt_strtox@@YA?AUbig_integer@1@I@Z 0000000140052700     libucrtd:cfout.obj
 0004:0000270c       $pdata$?is_zero@__crt_strtox@@YA_NAEBUbig_integer@1@@Z 000000014005270c     libucrtd:cfout.obj
 0004:00002718       $pdata$?bit_scan_reverse@__crt_strtox@@YAII@Z 0000000140052718     libucrtd:cfout.obj
 0004:00002724       $pdata$?shift_left@__crt_strtox@@YA_NAEAUbig_integer@1@I@Z 0000000140052724     libucrtd:cfout.obj
 0004:00002730       $pdata$?add_carry@__crt_strtox@@YAIAEAIII@Z 0000000140052730     libucrtd:cfout.obj
 0004:0000273c       $pdata$?add_multiply_carry@__crt_strtox@@YAIAEAIIII@Z 000000014005273c     libucrtd:cfout.obj
 0004:00002748       $pdata$?multiply_core@__crt_strtox@@YAIQEAIII@Z 0000000140052748     libucrtd:cfout.obj
 0004:00002754       $pdata$?multiply@__crt_strtox@@YA_NAEAUbig_integer@1@I@Z 0000000140052754     libucrtd:cfout.obj
 0004:00002760       $pdata$?multiply@__crt_strtox@@YA_NAEAUbig_integer@1@AEBU21@@Z 0000000140052760     libucrtd:cfout.obj
 0004:0000276c       $pdata$?multiply_by_power_of_ten@__crt_strtox@@YA_NAEAUbig_integer@1@I@Z 000000014005276c     libucrtd:cfout.obj
 0004:00002778       $pdata$?count_sequential_high_zeroes@__crt_strtox@@YAII@Z 0000000140052778     libucrtd:cfout.obj
 0004:00002784       $pdata$?divide@__crt_strtox@@YA_KAEAUbig_integer@1@AEBU21@@Z 0000000140052784     libucrtd:cfout.obj
 0004:00002790       $pdata$??0scoped_fp_state_reset@?A0x71ca7cfb@@QEAA@XZ 0000000140052790     libucrtd:cfout.obj
 0004:0000279c       $pdata$??1scoped_fp_state_reset@?A0x71ca7cfb@@QEAA@XZ 000000014005279c     libucrtd:cfout.obj
 0004:000027a8       $pdata$??$convert_to_fos_high_precision@N@@YAXNIQEAHQEAD_K@Z 00000001400527a8     libucrtd:cfout.obj
 0004:000027b4       $pdata$_fcloseall          00000001400527b4     libucrtd:closeall.obj
 0004:000027c0       $pdata$_fcloseall$fin$0    00000001400527c0     libucrtd:closeall.obj
 0004:000027cc       $pdata$?is_in_use@__crt_stdio_stream@@QEBA_NXZ 00000001400527cc     libucrtd:closeall.obj
 0004:000027d8       $pdata$?has_crt_buffer@__crt_stdio_stream@@QEBA_NXZ 00000001400527d8     libucrtd:_freebuf.obj
 0004:000027e4       $pdata$__acrt_stdio_free_buffer_nolock 00000001400527e4     libucrtd:_freebuf.obj
 0004:000027f0       $pdata$__acrt_GetStringTypeW 00000001400527f0     libucrtd:getstringtypew.obj
 0004:000027fc       $pdata$mbstowcs_s          00000001400527fc     libucrtd:mbstowcs.obj
 0004:00002808       $pdata$_mbstowcs_s_l       0000000140052808     libucrtd:mbstowcs.obj
 0004:00002814       $pdata$?_mbstowcs_l_helper@@YA_KPEA_WPEBD_KPEAU__crt_locale_pointers@@@Z 0000000140052814     libucrtd:mbstowcs.obj
 0004:00002820       $pdata$wcstombs_s          0000000140052820     libucrtd:wcstombs.obj
 0004:0000282c       $pdata$_wcstombs_s_l       000000014005282c     libucrtd:wcstombs.obj
 0004:00002838       $pdata$?wcsncnt@@YA_KPEB_W_K@Z 0000000140052838     libucrtd:wcstombs.obj
 0004:00002844       $pdata$?_wcstombs_l_helper@@YA_KPEADPEB_W_KPEAU__crt_locale_pointers@@@Z 0000000140052844     libucrtd:wcstombs.obj
 0004:00002850       $pdata$?dtor$0@?0??_wcstombs_l_helper@@YA_KPEADPEB_W_KPEAU__crt_locale_pointers@@@Z@4HA 0000000140052850     libucrtd:wcstombs.obj
 0004:0000285c       $pdata$strcat_s            000000014005285c     libucrtd:strcat_s.obj
 0004:00002868       $pdata$??$common_tcscat_s@D@@YAHQEAD_KQEBD@Z 0000000140052868     libucrtd:strcat_s.obj
 0004:00002874       $pdata$__strncnt           0000000140052874     libucrtd:strncnt.obj
 0004:00002880       $pdata$_strnicmp           0000000140052880     libucrtd:strnicmp.obj
 0004:0000288c       $pdata$_strnicmp_l         000000014005288c     libucrtd:strnicmp.obj
 0004:00002898       $pdata$__ascii_strnicmp    0000000140052898     libucrtd:strnicmp.obj
 0004:000028a4       $pdata$__acrt_CompareStringA 00000001400528a4     libucrtd:comparestringa.obj
 0004:000028b0       $pdata$?InternalCompareStringA@@YAHPEAU__crt_locale_pointers@@PEB_WKPEBDH2HH@Z 00000001400528b0     libucrtd:comparestringa.obj
 0004:000028bc       $pdata$_commit             00000001400528bc     libucrtd:commit.obj
 0004:000028c8       $pdata$??R<lambda_5533cddd4bda0037814beee657757329>@@QEBAHXZ 00000001400528c8     libucrtd:commit.obj
 0004:000028d4       $pdata$??$__acrt_lowio_lock_fh_and_call@V<lambda_5533cddd4bda0037814beee657757329>@@@@YAHH$$QEAV<lambda_5533cddd4bda0037814beee657757329>@@@Z 00000001400528d4     libucrtd:commit.obj
 0004:000028e0       $pdata$??R<lambda_53fc7fc888e23d815d7080162c0aeeb2>@@QEBAXXZ 00000001400528e0     libucrtd:close.obj
 0004:000028e0       $pdata$??R<lambda_4e3dbe6921bc0b5a1a6bc6573fdc859e>@@QEBAXXZ 00000001400528e0     libucrtd:commit.obj
 0004:000028ec       $pdata$??R<lambda_8ddc48ad9d26c778cb15812d1d88fc8a>@@QEBAXXZ 00000001400528ec     libucrtd:close.obj
 0004:000028ec       $pdata$??R<lambda_47cffbaa968af5c721c38a4a6f8da44d>@@QEBAXXZ 00000001400528ec     libucrtd:commit.obj
 0004:000028f8       $pdata$??$?RV<lambda_4e3dbe6921bc0b5a1a6bc6573fdc859e>@@AEAV<lambda_5533cddd4bda0037814beee657757329>@@V<lambda_47cffbaa968af5c721c38a4a6f8da44d>@@@?$__crt_seh_guarded_call@H@@QEAAH$$QEAV<lambda_4e3dbe6921bc0b5a1a6bc6573fdc859e>@@AEAV<lambda_5533cddd4bda0037814beee657757329>@@$$QEAV<lambda_47cffbaa968af5c721c38a4a6f8da44d>@@@Z 00000001400528f8     libucrtd:commit.obj
 0004:00002904       $pdata$?fin$0@?0???$?RV<lambda_53fc7fc888e23d815d7080162c0aeeb2>@@AEAV<lambda_4e7105787b7b0e0227fbf2b2d883fa65>@@V<lambda_8ddc48ad9d26c778cb15812d1d88fc8a>@@@?$__crt_seh_guarded_call@H@@QEAAH$$QEAV<lambda_53fc7fc888e23d815d7080162c0aeeb2>@@AEAV<lambda_4e7105787b7b0e0227fbf2b2d883fa65>@@$$QEAV<lambda_8ddc48ad9d26c778cb15812d1d88fc8a>@@@Z@4HA 0000000140052904     libucrtd:close.obj
 0004:00002904       $pdata$?fin$0@?0???$?RV<lambda_4e3dbe6921bc0b5a1a6bc6573fdc859e>@@AEAV<lambda_5533cddd4bda0037814beee657757329>@@V<lambda_47cffbaa968af5c721c38a4a6f8da44d>@@@?$__crt_seh_guarded_call@H@@QEAAH$$QEAV<lambda_4e3dbe6921bc0b5a1a6bc6573fdc859e>@@AEAV<lambda_5533cddd4bda0037814beee657757329>@@$$QEAV<lambda_47cffbaa968af5c721c38a4a6f8da44d>@@@Z@4HA 0000000140052904     libucrtd:commit.obj
 0004:00002910       $pdata$_write              0000000140052910     libucrtd:write.obj
 0004:0000291c       $pdata$_write$fin$0        000000014005291c     libucrtd:write.obj
 0004:00002928       $pdata$_write_nolock       0000000140052928     libucrtd:write.obj
 0004:00002934       $pdata$?write_requires_double_translation_nolock@@YA_NH@Z 0000000140052934     libucrtd:write.obj
 0004:00002940       $pdata$?write_double_translated_ansi_nolock@@YA?AUwrite_result@?A0x17268360@@HQEBDI@Z 0000000140052940     libucrtd:write.obj
 0004:0000294c       $pdata$?write_double_translated_unicode_nolock@@YA?AUwrite_result@?A0x17268360@@QEBDI@Z 000000014005294c     libucrtd:write.obj
 0004:00002958       $pdata$?write_text_ansi_nolock@@YA?AUwrite_result@?A0x17268360@@HQEBDI@Z 0000000140052958     libucrtd:write.obj
 0004:00002964       $pdata$?write_text_utf16le_nolock@@YA?AUwrite_result@?A0x17268360@@HQEBDI@Z 0000000140052964     libucrtd:write.obj
 0004:00002970       $pdata$?write_text_utf8_nolock@@YA?AUwrite_result@?A0x17268360@@HQEBDI@Z 0000000140052970     libucrtd:write.obj
 0004:0000297c       $pdata$?write_binary_nolock@@YA?AUwrite_result@?A0x17268360@@HQEBDI@Z 000000014005297c     libucrtd:write.obj
 0004:00002988       $pdata$?__mbrtoc32_utf8@__crt_mbstring@@YA_KPEA_UPEBD_KPEAU_Mbstatet@@@Z 0000000140052988     libucrtd:mbrtoc32.obj
 0004:000029a0       $pdata$ceil                00000001400529a0     libucrtd:ceil.obj
 0004:000029ac       $pdata$fegetenv            00000001400529ac     libucrtd:fegetenv.obj
 0004:000029b8       $pdata$fesetenv            00000001400529b8     libucrtd:fesetenv.obj
 0004:000029c4       $pdata$feholdexcept        00000001400529c4     libucrtd:feholdexcept.obj
 0004:000029d0       $pdata$_lseeki64_nolock    00000001400529d0     libucrtd:lseek.obj
 0004:000029dc       $pdata$?common_lseek_do_seek_nolock@@YA_JQEAX_JH@Z 00000001400529dc     libucrtd:lseek.obj
 0004:000029e8       $pdata$??$common_lseek_nolock@_J@@YA_JH_JH@Z 00000001400529e8     libucrtd:lseek.obj
 0004:000029f4       $pdata$fclose              00000001400529f4     libucrtd:fclose.obj
 0004:00002a00       $pdata$fclose$fin$0        0000000140052a00     libucrtd:fclose.obj
 0004:00002a0c       $pdata$_fclose_nolock      0000000140052a0c     libucrtd:fclose.obj
 0004:00002a18       $pdata$?__wcsrtombs_utf8@__crt_mbstring@@YA_KPEADPEAPEB_W_KPEAU_Mbstatet@@@Z 0000000140052a18     libucrtd:wcrtomb.obj
 0004:00002a24       $pdata$_putwch_nolock      0000000140052a24     libucrtd:putwch.obj
 0004:00002a30       $pdata$__acrt_initialize_fma3 0000000140052a30     libucrtd:fma3_available.obj
 0004:00002a3c       $pdata$_log_special_common 0000000140052a3c     libucrtd:log_special.obj
 0004:00002a48       $pdata$_log10_special      0000000140052a48     libucrtd:log_special.obj
 0004:00002a54       $pdata$_call_matherr       0000000140052a54     libucrtd:libm_error.obj
 0004:00002a60       $pdata$_exception_enabled  0000000140052a60     libucrtd:libm_error.obj
 0004:00002a6c       $pdata$_handle_nan         0000000140052a6c     libucrtd:libm_error.obj
 0004:00002a78       $pdata$_handle_error       0000000140052a78     libucrtd:libm_error.obj
 0004:00002a84       $pdata$??$__acrt_fenv_shift_bits@W4__acrt_fenv_abstract_control@@@@YA?AW4__acrt_fenv_abstract_control@@W40@0I@Z 0000000140052a84     libucrtd:_fenvutils.obj
 0004:00002a84       $pdata$??$__acrt_fenv_shift_bits@W4__acrt_fenv_abstract_status@@@@YA?AW4__acrt_fenv_abstract_status@@W40@0I@Z 0000000140052a84     libucrtd:_fenvutils.obj
 0004:00002a90       $pdata$??$__acrt_fenv_unshift_bits@W4__acrt_fenv_abstract_control@@@@YA?AW4__acrt_fenv_abstract_control@@W40@0I@Z 0000000140052a90     libucrtd:_fenvutils.obj
 0004:00002a90       $pdata$??$__acrt_fenv_unshift_bits@W4__acrt_fenv_abstract_status@@@@YA?AW4__acrt_fenv_abstract_status@@W40@0I@Z 0000000140052a90     libucrtd:_fenvutils.obj
 0004:00002a9c       $pdata$?__acrt_fenv_shift_abstract_sse_status@@YA?AW4__acrt_fenv_abstract_status@@W41@@Z 0000000140052a9c     libucrtd:_fenvutils.obj
 0004:00002aa8       $pdata$?__acrt_fenv_unshift_abstract_sse_status@@YA?AW4__acrt_fenv_abstract_status@@W41@@Z 0000000140052aa8     libucrtd:_fenvutils.obj
 0004:00002ab4       $pdata$?__acrt_fenv_shift_abstract_sse_control@@YA?AW4__acrt_fenv_abstract_control@@W41@@Z 0000000140052ab4     libucrtd:_fenvutils.obj
 0004:00002ac0       $pdata$?__acrt_fenv_unshift_abstract_sse_control@@YA?AW4__acrt_fenv_abstract_control@@W41@@Z 0000000140052ac0     libucrtd:_fenvutils.obj
 0004:00002acc       $pdata$__acrt_fenv_get_status 0000000140052acc     libucrtd:_fenvutils.obj
 0004:00002ad8       $pdata$__acrt_fenv_set_status 0000000140052ad8     libucrtd:_fenvutils.obj
 0004:00002ae4       $pdata$__acrt_fenv_get_control 0000000140052ae4     libucrtd:_fenvutils.obj
 0004:00002af0       $pdata$__acrt_fenv_set_control 0000000140052af0     libucrtd:_fenvutils.obj
 0004:00002afc       $pdata$?to_machine_sse_status@@YA?AW4__acrt_fenv_machine_sse_status@@W4__acrt_fenv_abstract_status@@@Z 0000000140052afc     libucrtd:_fenvutils.obj
 0004:00002b08       $pdata$??$translate_status@W4__acrt_fenv_machine_sse_status@@W4__acrt_fenv_abstract_status@@@@YA?AW4__acrt_fenv_machine_sse_status@@W4__acrt_fenv_abstract_status@@@Z 0000000140052b08     libucrtd:_fenvutils.obj
 0004:00002b14       $pdata$?translate_control_denormal_control_to_sse@@YA?AW4__acrt_fenv_machine_sse_control@@W4__acrt_fenv_abstract_control@@@Z 0000000140052b14     libucrtd:_fenvutils.obj
 0004:00002b20       $pdata$?translate_control_denormal_control_from_sse@@YA?AW4__acrt_fenv_abstract_control@@W4__acrt_fenv_machine_sse_control@@@Z 0000000140052b20     libucrtd:_fenvutils.obj
 0004:00002b2c       $pdata$?to_abstract_control@@YA?AW4__acrt_fenv_abstract_control@@W4__acrt_fenv_machine_sse_control@@@Z 0000000140052b2c     libucrtd:_fenvutils.obj
 0004:00002b38       $pdata$??$translate_control_exception_mask@W4__acrt_fenv_abstract_control@@W4__acrt_fenv_machine_sse_control@@@@YA?AW4__acrt_fenv_abstract_control@@W4__acrt_fenv_machine_sse_control@@@Z 0000000140052b38     libucrtd:_fenvutils.obj
 0004:00002b44       $pdata$??$translate_control_rounding_control@W4__acrt_fenv_abstract_control@@W4__acrt_fenv_machine_sse_control@@@@YA?AW4__acrt_fenv_abstract_control@@W4__acrt_fenv_machine_sse_control@@@Z 0000000140052b44     libucrtd:_fenvutils.obj
 0004:00002b50       $pdata$?to_machine_sse_control@@YA?AW4__acrt_fenv_machine_sse_control@@W4__acrt_fenv_abstract_control@@@Z 0000000140052b50     libucrtd:_fenvutils.obj
 0004:00002b5c       $pdata$??$translate_control_exception_mask@W4__acrt_fenv_machine_sse_control@@W4__acrt_fenv_abstract_control@@@@YA?AW4__acrt_fenv_machine_sse_control@@W4__acrt_fenv_abstract_control@@@Z 0000000140052b5c     libucrtd:_fenvutils.obj
 0004:00002b68       $pdata$??$translate_control_rounding_control@W4__acrt_fenv_machine_sse_control@@W4__acrt_fenv_abstract_control@@@@YA?AW4__acrt_fenv_machine_sse_control@@W4__acrt_fenv_abstract_control@@@Z 0000000140052b68     libucrtd:_fenvutils.obj
 0004:00002b74       $pdata$?get_machine_sse_status@@YA?AW4__acrt_fenv_machine_sse_status@@XZ 0000000140052b74     libucrtd:_fenvutils.obj
 0004:00002b80       $pdata$?set_machine_sse_status@@YAXW4__acrt_fenv_machine_sse_status@@@Z 0000000140052b80     libucrtd:_fenvutils.obj
 0004:00002b8c       $pdata$?get_machine_sse_control@@YA?AW4__acrt_fenv_machine_sse_control@@XZ 0000000140052b8c     libucrtd:_fenvutils.obj
 0004:00002b98       $pdata$?set_machine_sse_control@@YAXW4__acrt_fenv_machine_sse_control@@@Z 0000000140052b98     libucrtd:_fenvutils.obj
 0004:00002ba4       $pdata$??$to_abstract_status@W4__acrt_fenv_machine_sse_status@@@@YA?AW4__acrt_fenv_abstract_status@@W4__acrt_fenv_machine_sse_status@@@Z 0000000140052ba4     libucrtd:_fenvutils.obj
 0004:00002bb0       $pdata$??$__acrt_fenv_translate_bit@W4__acrt_fenv_abstract_status@@W4__acrt_fenv_machine_sse_status@@@@YA?AW4__acrt_fenv_abstract_status@@W4__acrt_fenv_machine_sse_status@@0W40@1@Z 0000000140052bb0     libucrtd:_fenvutils.obj
 0004:00002bb0       $pdata$??$__acrt_fenv_translate_bit@W4__acrt_fenv_machine_sse_status@@W4__acrt_fenv_abstract_status@@@@YA?AW4__acrt_fenv_machine_sse_status@@W4__acrt_fenv_abstract_status@@0W40@1@Z 0000000140052bb0     libucrtd:_fenvutils.obj
 0004:00002bbc       $pdata$??$__acrt_fenv_translate_bit@W4__acrt_fenv_abstract_control@@W4__acrt_fenv_machine_sse_control@@@@YA?AW4__acrt_fenv_abstract_control@@W4__acrt_fenv_machine_sse_control@@0W40@1@Z 0000000140052bbc     libucrtd:_fenvutils.obj
 0004:00002bc8       $pdata$??$__acrt_fenv_translate_bit@W4__acrt_fenv_machine_sse_control@@W4__acrt_fenv_abstract_control@@@@YA?AW4__acrt_fenv_machine_sse_control@@W4__acrt_fenv_abstract_control@@0W40@1@Z 0000000140052bc8     libucrtd:_fenvutils.obj
 0004:00002bd4       $pdata$??$translate_status@W4__acrt_fenv_abstract_status@@W4__acrt_fenv_machine_sse_status@@@@YA?AW4__acrt_fenv_abstract_status@@W4__acrt_fenv_machine_sse_status@@@Z 0000000140052bd4     libucrtd:_fenvutils.obj
 0004:00002be0       $pdata$_clearfp            0000000140052be0     libucrtd:ieee.obj
 0004:00002bec       $pdata$_abstract_sw        0000000140052bec     libucrtd:ieee.obj
 0004:00002bf8       $pdata$_close              0000000140052bf8     libucrtd:close.obj
 0004:00002c04       $pdata$_close_nolock       0000000140052c04     libucrtd:close.obj
 0004:00002c10       $pdata$?close_os_handle_nolock@@YAKH@Z 0000000140052c10     libucrtd:close.obj
 0004:00002c1c       $pdata$??R<lambda_4e7105787b7b0e0227fbf2b2d883fa65>@@QEBAHXZ 0000000140052c1c     libucrtd:close.obj
 0004:00002c28       $pdata$??$__acrt_lowio_lock_fh_and_call@V<lambda_4e7105787b7b0e0227fbf2b2d883fa65>@@@@YAHH$$QEAV<lambda_4e7105787b7b0e0227fbf2b2d883fa65>@@@Z 0000000140052c28     libucrtd:close.obj
 0004:00002c34       $pdata$??$?RV<lambda_53fc7fc888e23d815d7080162c0aeeb2>@@AEAV<lambda_4e7105787b7b0e0227fbf2b2d883fa65>@@V<lambda_8ddc48ad9d26c778cb15812d1d88fc8a>@@@?$__crt_seh_guarded_call@H@@QEAAH$$QEAV<lambda_53fc7fc888e23d815d7080162c0aeeb2>@@AEAV<lambda_4e7105787b7b0e0227fbf2b2d883fa65>@@$$QEAV<lambda_8ddc48ad9d26c778cb15812d1d88fc8a>@@@Z 0000000140052c34     libucrtd:close.obj
 0004:00002c40       $pdata$?__acrt_stdio_free_stream@@YAXV__crt_stdio_stream@@@Z 0000000140052c40     libucrtd:stream.obj
 0004:00002c4c       $pdata$?__c16rtomb_utf8@__crt_mbstring@@YA_KPEAD_SPEAU_Mbstatet@@@Z 0000000140052c4c     libucrtd:c16rtomb.obj
 0004:00002c58       $pdata$?store_first_surrogate@?A0xc60ee810@@YAX_SPEAU_Mbstatet@@@Z 0000000140052c58     libucrtd:c16rtomb.obj
 0004:00002c64       $pdata$?has_surrogate@?A0xc60ee810@@YA_NPEAU_Mbstatet@@@Z 0000000140052c64     libucrtd:c16rtomb.obj
 0004:00002c70       $pdata$?is_first_surrogate@?A0xc60ee810@@YA_N_S@Z 0000000140052c70     libucrtd:c16rtomb.obj
 0004:00002c7c       $pdata$?is_second_surrogate@?A0xc60ee810@@YA_N_S@Z 0000000140052c7c     libucrtd:c16rtomb.obj
 0004:00002c88       $pdata$__dcrt_lowio_ensure_console_output_initialized 0000000140052c88     libucrtd:initcon.obj
 0004:00002c94       $pdata$__dcrt_write_console 0000000140052c94     libucrtd:initcon.obj
 0004:00002ca0       $pdata$__dcrt_terminate_console_output 0000000140052ca0     libucrtd:initcon.obj
 0004:00002cac       $pdata$_set_errno_from_matherr 0000000140052cac     libucrtd:fpexcept.obj
 0004:00002cb8       $pdata$_raise_exc          0000000140052cb8     libucrtd:fpexcept.obj
 0004:00002cc4       $pdata$_raise_exc_ex       0000000140052cc4     libucrtd:fpexcept.obj
 0004:00002cd0       $pdata$_clrfp              0000000140052cd0     libucrtd:fpctrl.obj
 0004:00002cdc       $pdata$_ctrlfp             0000000140052cdc     libucrtd:fpctrl.obj
 0004:00002ce8       $pdata$_ctrlfp$filt$0      0000000140052ce8     libucrtd:fpctrl.obj
 0004:00002cf4       $pdata$_statfp             0000000140052cf4     libucrtd:fpctrl.obj
 0004:00002d00       $pdata$_set_statfp         0000000140052d00     libucrtd:fpctrl.obj
 0004:00002d18       $pdata$_ValidateImageBase  0000000140052d18     LIBCMTD:pesect.obj
 0004:00002d24       $pdata$_FindPESection      0000000140052d24     LIBCMTD:pesect.obj
 0004:00002d30       $pdata$_IsNonwritableInCurrentImage 0000000140052d30     LIBCMTD:pesect.obj
 0004:00002d3c       $pdata$_IsNonwritableInCurrentImage$filt$0 0000000140052d3c     LIBCMTD:pesect.obj
 0004:00002d48       $pdata$??_Gtype_info@@UEAAPEAXI@Z 0000000140052d48     LIBCMTD:std_type_info_static.obj
 0004:00002d54       $pdata$??3@YAXPEAX_K@Z     0000000140052d54     LIBCMTD:delete_scalar_size.obj
 0004:00002d60       $pdata$__GSHandlerCheck_SEH 0000000140052d60     LIBCMTD:gshandlerseh.obj
 0004:00002d78       $pdata$__GSHandlerCheck_EH 0000000140052d78     LIBCMTD:gshandlereh.obj
 0004:00002d84       $pdata$??3@YAXPEAX@Z       0000000140052d84     LIBCMTD:delete_scalar.obj
 0004:00002d9c       $pdata$strchr              0000000140052d9c     libvcruntimed:strchr.obj
 0004:00002da8       $pdata$strrchr             0000000140052da8     libvcruntimed:strrchr.obj
 0005:00000000       MoveSmall                  0000000140053000     libvcruntimed:memcpy.obj
 0005:00000050       MsetTab                    0000000140053050     libvcruntimed:memset.obj
